Step 1 (train) - 142.2523
Prediction: [700, 4794, 4931, 1782, 4794, 926, 37, 3922, 1598, 3922, 2850, 1238, 3222, 4794, 762, 4249, 3541, 762, 2223, 762, 4299, 2553, 1782, 2450, 3981, 3905, 2600, 164, 3905, 3651, 2450, 3791, 1518, 3791, 1238, 1510, 3791, 4080, 4207, 2450, 3791, 2988, 3791, 363, 1481, 762, 2265, 2988, 2265, 4078, 2739, 1645, 3120, 2336, 245, 4260, 2764, 4260, 1465, 4015, 3791, 3905, 69, 2850, 1338, 3791, 1796, 4466, 3003, 3763, 883, 762, 4489, 4015, 623, 4015, 810, 883, 328, 2422, 3774, 3104, 4069, 1249, 4069, 4185, 4069, 1238, 4069, 3214, 1238, 3214, 3791, 116, 4176, 893, 4015, 1238, 4015, 4557, 1745, 2782, 4207, 762, 4794, 1248, 1281, 2378, 3900, 1782, 3003, 487, 387, 1991, 4055, 1406, 4207, 3922, 2497, 3922, 2749, 1406, 3922, 615, 3922, 4207, 3252, 635, 1406, 932, 1299, 4525, 3281, 1742, 3791, 2930, 248, 630, 1849, 3791, 1174, 3544, 4984, 1238, 1669, 1833, 4453, 4207, 2450, 3104, 4207, 3104, 4207, 4019, 697, 3469, 762, 670, 3006, 3469, 3923, 3139, 1337, 3923, 3133, 3006, 4556, 1472, 1406, 763, 1217, 1406, 2450, 3281, 2450, 3281, 4614, 1406, 2207, 4406, 604, 1385, 762, 4614, 3830, 762, 4185, 762, 103, 2710, 1472, 1406, 3154, 952, 1406, 3154, 3791, 2450, 3916, 116, 1406, 2450, 116, 540, 1833, 2690, 2988, 2450, 2191, 3791, 2204, 2450, 109, 2450, 762, 2450, 2988, 3922, 4529, 2450, 2356, 3006, 4291, 3006, 762, 533, 2450, 3881, 552, 4497, 3006, 3306, 3323, 2370, 3323, 1238, 1202, 2655, 4145, 3306, 4601, 4145, 2223, 1991, 3350, 1991, 3006, 4145, 4934, 3791, 3329, 1720, 1499, 3329, 79, 3329, 762, 3329, 762, 37, 4662, 762, 152, 3791, 4333, 3791, 1833, 3791, 4668, 1666, 4497, 762, 1833, 3006, 4396, 3006, 3329, 2450, 762, 4497, 201, 124, 2944, 3006, 762, 1977, 70, 3791, 1884, 3006, 4011, 4708, 2782, 1666, 1406, 2906, 4033, 2223, 3863, 4547, 2223, 3006, 1666, 1795, 1946, 1248, 671, 1963, 4547, 2537, 1201, 1782, 671, 2450, 487, 2740, 2944, 3297, 896, 3968, 379, 1963, 1337, 3148, 896, 1805, 763, 2662, 4237, 3123, 3003, 4237, 4984, 3433, 4285, 623, 4285, 4185, 4285, 4237, 2387, 967, 2450, 1571, 1666, 3922, 3544, 3791, 2228, 4291, 109, 2450, 4406, 1225, 4559, 4674, 2450, 3281, 4556, 896, 3323, 896, 3323, 3791, 642, 1406, 1666, 4237, 1666, 2850, 1666, 1472, 1666, 3316, 3791, 1666, 741, 3316, 422, 524, 1649, 4854, 1666, 4662, 1523, 545, 245, 540, 2671, 3791, 4662, 3062, 1795, 1406, 3791, 3389, 3791, 2450, 3389, 2450, 3791, 19, 3791, 4320, 486, 3791, 3415]
Ground Truth: [7, 2274, 517, 3559, 27, 43, 3731, 7, 997, 7, 997, 24, 114, 41, 3183, 137, 266, 221, 299, 7, 2237, 3590, 34, 2696, 573, 2028, 76, 1593, 843, 0, 0]
==================================================
Step 2 (train) - 118.8101
Prediction: [144, 2619, 144, 2619, 144, 2619, 144, 2619, 144, 843, 256, 843, 256, 843, 256, 843, 256, 843, 3415, 843]
Ground Truth: [6, 1854, 3954, 72, 3817, 64, 2463, 37, 85, 1502, 0, 0, 0, 0, 0, 0, 0, 0, 0, 0, 0, 0, 0, 0, 0, 0, 0, 0, 0, 0, 0, 0, 0, 0, 0, 0, 0, 0, 0, 0, 0, 0, 0, 0, 0]
==================================================
Step 1 (train) - 101.7619
Prediction: [144, 37, 144, 37, 144, 37, 144, 37, 144, 37, 144, 37, 144, 37, 144, 37, 144, 37, 144, 37, 144, 37, 144, 37, 144, 37, 144, 37, 144, 37, 144, 37, 144, 37, 144, 37, 144, 37, 144, 37, 144, 3511, 37, 3511, 37, 144, 3511, 144, 37, 144, 37, 144, 37, 144, 37, 144, 37, 3511, 144, 3511, 37, 144, 3511, 37, 3511, 37, 3511, 37, 3511, 144, 3511, 144, 37, 144, 3511, 37, 144, 3511, 37, 3511, 144, 3511, 144, 37, 144, 37, 144, 3511, 144, 37, 3511, 144, 37, 3511, 144, 3511, 144, 3511, 144, 3511, 144, 3511, 144, 37, 144, 37, 144, 37, 3511, 144, 3511, 144, 37, 144, 37, 3511, 37, 144, 3511, 144, 3511, 37, 3511, 37, 3511, 144, 3511, 144, 37, 3511, 37, 3511, 1324, 3511, 1324, 3511, 1324, 3511, 1324, 3511, 1324, 3511, 1324, 3511, 1324, 3511, 1324, 3511, 1324, 3511, 37, 1324, 3511, 1324, 37, 1324, 37, 3511, 1324, 3511, 1324, 37, 3511, 1324, 843]
Ground Truth: [7, 32, 713, 434, 1113, 244, 4520, 299, 7, 29, 308, 435, 25, 600, 1830, 157, 919, 30, 2002, 712, 1001, 1338, 27, 30, 3039, 3511, 256, 3292, 1481, 3384, 0]
==================================================
Step 2 (train) - 68.4523
Prediction: [37, 144, 37, 144, 37, 144, 37, 144, 37, 144, 37, 144, 37, 144, 37, 144, 37, 144, 37, 144, 37, 144, 37, 144, 37, 144, 37, 144, 37, 144, 37, 144, 37, 144, 37, 144, 37, 144, 37, 144, 37, 144, 37, 144, 37, 144, 37, 144, 37, 144, 37, 144, 37, 144, 37, 144, 37, 3511, 37, 843, 256, 843, 256, 843, 256, 843, 256, 843, 256, 843, 256, 843, 256, 843, 256, 843, 256, 843, 256, 843, 256, 843]
Ground Truth: [397, 1416, 707, 4988, 119, 7, 2090, 4230, 202, 434, 151, 361, 27, 191, 7, 985, 4925, 2327, 24, 7, 280, 52, 892, 4980, 0, 0, 0, 0, 0, 0, 0, 0, 0, 0, 0, 0, 0, 0, 0, 0, 0, 0, 0, 0, 0]
==================================================
Step 1 (train) - 91.5079
Prediction: [37]
Ground Truth: [98, 468, 130, 93, 165, 455, 1249, 30, 6, 457, 2378, 1423, 1721, 34, 43, 4066, 173, 43, 460, 1703, 1593, 424, 30, 1845, 76, 481, 261, 2658, 24, 3513, 1324]
==================================================
Step 2 (train) - 38.2585
Prediction: [37, 843, 256, 37, 843, 37, 843, 256, 843, 37, 843, 256, 843, 256, 843, 37, 843, 256, 843, 256, 843, 256, 843, 37, 843, 37, 843, 37, 843, 37, 843, 37, 843, 37, 843, 256, 843, 256, 843, 37, 843, 37, 843, 37, 843, 256, 843, 256, 843, 256, 843, 37, 843, 256, 843, 37, 843, 37, 843]
Ground Truth: [6, 1854, 3954, 72, 3817, 64, 2463, 37, 85, 1502, 0, 0, 0, 0, 0, 0, 0, 0, 0, 0, 0, 0, 0, 0, 0, 0, 0, 0, 0, 0, 0, 0, 0, 0, 0, 0, 0, 0, 0, 0, 0, 0, 0, 0, 0]
==================================================
Step 1 (train) - 55.0140
Prediction: [37, 1324, 37]
Ground Truth: [7, 2274, 517, 3559, 27, 43, 3731, 7, 997, 7, 997, 24, 114, 41, 3183, 137, 266, 221, 299, 7, 2237, 3590, 34, 2696, 573, 2028, 76, 1593, 843, 0, 0, 0, 0, 0, 0, 0, 0, 0, 0, 0, 0, 0, 0, 0, 0]
==================================================
Step 2 (train) - 52.4286
Prediction: [37]
Ground Truth: [3492, 58, 272, 68, 85, 4175, 2222, 62, 1977, 124, 0, 0, 0, 0, 0, 0, 0, 0, 0, 0, 0, 0, 0, 0, 0, 0, 0, 0, 0, 0]
==================================================
Step 1 (train) - 35.5699
Prediction: [37]
Ground Truth: [2487, 4977, 15, 2372, 226, 241, 360, 37, 250, 674, 0, 0, 0, 0, 0, 0, 0, 0, 0, 0, 0, 0, 0, 0, 0, 0, 0, 0, 0, 0, 0, 0, 0, 0, 0, 0, 0, 0, 0, 0, 0, 0, 0, 0, 0]
==================================================
Step 2 (train) - 49.3290
Prediction: [37, 3511, 37, 3511, 37, 24, 37, 24, 37, 3511, 37, 3511, 24, 3511, 37, 3511, 37, 3511, 37, 3511, 37, 3511, 37, 3511, 37, 3511, 37, 3511, 37, 3511, 37, 3511, 37, 3511, 37, 3511, 37, 3511, 37, 3511, 37, 3511, 37, 3511, 37, 3511, 37, 3511, 37, 3511, 37, 3511, 1324, 3511, 1324, 3511, 1324, 3511, 1324, 3511, 1324]
Ground Truth: [98, 468, 130, 93, 165, 455, 1249, 30, 6, 457, 2378, 1423, 1721, 34, 43, 4066, 173, 43, 460, 1703, 1593, 424, 30, 1845, 76, 481, 261, 2658, 24, 3513, 1324]
==================================================
Step 1 (train) - 40.8906
Prediction: [37, 24, 37, 24, 37, 24, 37, 24, 37, 24, 37, 24, 37, 24, 37, 24, 37, 24, 37, 24, 37, 24, 37, 24, 37, 24, 37, 24, 37, 24, 37, 24, 37, 24, 37, 24, 37, 24, 37, 24, 37, 24, 37, 24, 37, 24, 37, 24, 37, 24, 37, 24, 37, 24, 37, 24, 37, 24, 37, 24, 37, 24, 37, 24, 37, 24, 37, 24, 37, 24, 37, 24, 37, 24, 3511, 24, 3511, 24, 37, 3511, 24, 3511, 24, 3511, 24, 3511, 24, 3511]
Ground Truth: [7, 127, 4976, 197, 37, 155, 85, 251, 4983, 225, 163, 608, 4985, 596, 1001, 70, 6, 1854, 4817, 1271, 24, 481]
==================================================
Step 2 (train) - 31.6775
Prediction: [37, 24, 37, 24, 37, 24, 37, 24, 37, 24, 37, 24, 37, 24, 37, 24, 37, 24, 37, 24, 37, 24, 37, 24, 37, 24, 37, 24, 37, 24, 37, 24, 37, 24, 37, 24, 37, 24, 37, 24, 37, 24, 37, 24, 37, 24, 37, 24, 37, 24, 37, 24, 37, 24, 37, 24, 37, 24, 37, 24, 37, 24, 37, 24, 37, 24, 37, 24, 37, 24, 37, 24, 37, 24, 37, 24, 37, 24, 3511, 24, 3511, 24, 3511, 24, 3511, 24, 3511, 24, 3511, 24, 3511, 24, 3511, 24, 3511, 24, 3511, 24, 3511, 24, 3511, 24, 3511, 24, 3511, 24, 3511, 24, 3511, 24, 3511, 24, 3511, 24, 3511, 24, 3511, 24, 3511, 24, 3511, 24, 3511, 24, 3511, 24, 3511, 24, 3511, 24, 3511, 24, 3511]
Ground Truth: [98, 468, 130, 93, 165, 455, 1249, 30, 6, 457, 2378, 1423, 1721, 34, 43, 4066, 173, 43, 460, 1703, 1593, 424, 30, 1845, 76, 481, 261, 2658, 24, 3513, 1324, 0, 0, 0, 0, 0, 0, 0, 0, 0, 0, 0, 0, 0, 0]
==================================================
Step 1 (train) - 34.7207
Prediction: [24, 37, 24, 37, 24, 37, 24, 37, 24, 37, 24, 37, 24, 37, 24, 37, 24, 37, 24, 37, 24, 37, 24, 37, 24, 37, 24, 37, 24, 37, 24, 37, 24, 37, 24, 3511, 24, 3511, 24, 3511, 24, 3511, 24, 3511, 24, 3511, 24, 3511, 24, 3511, 24, 3511, 24, 3511, 24, 3511, 24, 3511, 24, 3511, 24, 3511, 24, 3511, 24, 3511, 24, 3511, 24, 3511, 1324, 3511]
Ground Truth: [7, 32, 713, 434, 1113, 244, 4520, 299, 7, 29, 308, 435, 25, 600, 1830, 157, 919, 30, 2002, 712, 1001, 1338, 27, 30, 3039, 3511, 256, 3292, 1481, 3384, 0, 0, 0, 0, 0, 0, 0, 0, 0, 0, 0, 0, 0, 0, 0]
==================================================
Step 2 (train) - 30.5325
Prediction: [37, 144, 24, 37, 24, 37, 24, 37, 24, 37, 24, 37, 24, 37, 24, 37, 24, 37, 24, 37, 24, 37, 24, 37, 24, 37, 24, 144, 37, 24, 37, 24, 37, 24, 37, 24, 37, 24, 37, 24, 37, 24, 37, 24, 37, 24, 37, 24, 37, 24, 37, 24, 37, 24, 37, 24, 37, 24, 37, 24, 37, 24, 37]
Ground Truth: [7, 127, 4976, 197, 37, 155, 85, 251, 4983, 225, 163, 608, 4985, 596, 1001, 70, 6, 1854, 4817, 1271, 24, 481, 0, 0, 0, 0, 0, 0, 0, 0, 0]
==================================================
Step 1 (train) - 26.5986
Prediction: [37, 24, 37, 24, 37, 24, 37, 24, 37, 24, 37, 24, 37, 24, 37, 24, 37, 24, 37, 24, 37, 24, 37, 24, 37, 24, 37, 24, 37, 24, 37, 24, 37, 24, 37, 24, 37, 24, 37, 144, 37, 24, 37, 24, 37, 24, 37, 24, 3511, 24, 3511, 24, 3511, 24, 3511, 37]
Ground Truth: [7, 2274, 517, 3559, 27, 43, 3731, 7, 997, 7, 997, 24, 114, 41, 3183, 137, 266, 221, 299, 7, 2237, 3590, 34, 2696, 573, 2028, 76, 1593, 843, 0, 0, 0, 0, 0, 0, 0, 0, 0, 0, 0, 0, 0, 0, 0, 0]
==================================================
Step 2 (train) - 35.0574
Prediction: [24, 144, 37, 24, 37, 24, 37, 24, 37, 24, 37, 24, 37]
Ground Truth: [3492, 58, 272, 68, 85, 4175, 2222, 62, 1977, 124, 0, 0, 0, 0, 0, 0, 0, 0, 0, 0, 0, 0]
==================================================
Step 1 (train) - 30.9365
Prediction: [37, 24, 37, 24, 37, 24, 37, 24, 37, 24, 37, 24, 37, 24, 37, 24, 37, 24, 37, 24, 3511, 24, 3511, 24, 3511]
Ground Truth: [98, 468, 130, 93, 165, 455, 1249, 30, 6, 457, 2378, 1423, 1721, 34, 43, 4066, 173, 43, 460, 1703, 1593, 424, 30, 1845, 76, 481, 261, 2658, 24, 3513, 1324, 0, 0, 0, 0, 0, 0, 0, 0, 0, 0, 0, 0, 0, 0]
==================================================
Step 2 (train) - 27.3603
Prediction: [24, 37, 24, 37, 24, 37, 24, 37, 24, 37, 24, 37, 24, 37, 24, 37, 24, 37, 24, 37]
Ground Truth: [397, 1416, 707, 4988, 119, 7, 2090, 4230, 202, 434, 151, 361, 27, 191, 7, 985, 4925, 2327, 24, 7, 280, 52, 892, 4980, 0, 0, 0, 0, 0]
==================================================
Step 1 (train) - 21.0882
Prediction: [37, 24, 37, 24, 37, 24, 37, 24, 37, 24, 37, 24, 37, 24, 37, 24, 37, 24, 37, 24, 37, 24, 37, 24, 37, 24, 37]
Ground Truth: [397, 1416, 707, 4988, 119, 7, 2090, 4230, 202, 434, 151, 361, 27, 191, 7, 985, 4925, 2327, 24, 7, 280, 52, 892, 4980, 0, 0, 0, 0, 0, 0, 0, 0, 0, 0, 0, 0, 0, 0, 0, 0, 0, 0, 0, 0, 0]
==================================================
Step 2 (train) - 32.6768
Prediction: [37, 24, 37, 24, 37, 24, 37, 24, 37, 24, 37, 24, 37]
Ground Truth: [3492, 58, 272, 68, 85, 4175, 2222, 62, 1977, 124, 0, 0, 0, 0, 0, 0, 0, 0, 0, 0, 0, 0, 0, 0, 0, 0, 0, 0, 0, 0, 0]
==================================================
Step 1 (train) - 27.9352
Prediction: [37, 24, 37, 24, 37, 24, 37, 24, 37, 24, 37, 24, 37, 24, 37, 24, 37, 24, 37, 24, 37, 24, 37, 24, 37, 24, 37, 24, 37, 24, 37, 24, 37, 24, 37, 24, 37, 24, 37, 24, 37, 24, 37, 24, 3511, 24, 3511, 24, 3511, 24, 3511]
Ground Truth: [98, 468, 130, 93, 165, 455, 1249, 30, 6, 457, 2378, 1423, 1721, 34, 43, 4066, 173, 43, 460, 1703, 1593, 424, 30, 1845, 76, 481, 261, 2658, 24, 3513, 1324]
==================================================
Step 2 (train) - 24.1802
Prediction: [37, 144, 37, 144, 37, 144, 37, 144, 37, 144, 37, 24, 37, 24, 37, 24, 37, 24, 37, 24, 37, 24, 37, 24, 37, 24, 37, 144, 37, 144, 37, 24, 37, 24, 37, 24, 37, 24, 37, 24, 37, 24, 37, 24, 37, 24, 3511, 24, 3511, 37]
Ground Truth: [7, 2274, 517, 3559, 27, 43, 3731, 7, 997, 7, 997, 24, 114, 41, 3183, 137, 266, 221, 299, 7, 2237, 3590, 34, 2696, 573, 2028, 76, 1593, 843, 0, 0, 0, 0, 0, 0, 0, 0, 0, 0, 0, 0, 0, 0, 0, 0]
==================================================
Step 1 (train) - 24.4683
Prediction: [144, 37, 144, 37, 144, 37, 144, 37, 144, 37, 144, 37, 144, 37, 24, 37, 24, 37, 24, 37, 24, 37, 24, 37, 24, 37, 24, 37, 24, 37, 24, 37, 24, 37, 24, 37, 24, 37, 24, 37, 24, 37, 24, 37, 24, 37, 24, 37, 24, 37, 24, 37, 24, 37, 24, 37, 24, 37, 24, 3511, 24, 3511, 24, 3511, 24, 3511, 24, 3511, 24, 3511, 24, 3511, 24, 3511, 24, 3511, 24, 3511, 24, 3511, 24, 3511, 24, 3511, 24, 3511, 24, 3511, 24, 3511, 24, 3511, 24, 3511, 24, 3511, 24, 3511, 24, 3511, 24, 3511, 24, 3511, 24, 3511, 24, 3511]
Ground Truth: [98, 468, 130, 93, 165, 455, 1249, 30, 6, 457, 2378, 1423, 1721, 34, 43, 4066, 173, 43, 460, 1703, 1593, 424, 30, 1845, 76, 481, 261, 2658, 24, 3513, 1324]
==================================================
Step 2 (train) - 25.0180
Prediction: [37, 144, 37, 144, 37, 144, 37, 144, 37, 144, 37, 144, 124, 144, 37, 144, 37, 144, 37, 144, 37, 144, 37, 144, 37, 144, 37, 24, 37, 24, 37, 24, 37, 24, 37, 24, 37]
Ground Truth: [43, 759, 23, 191, 202, 46, 80, 617, 76, 2298, 475, 4905, 27, 546, 4982, 2741, 27, 280, 4985, 803, 3279, 21, 2390, 27, 2182, 2450, 1800, 4420, 30, 46, 1064, 350, 239, 37, 2574, 367, 132, 285, 330, 225, 22, 856, 733, 134, 4899]
==================================================
Step 1 (train) - 20.7804
Prediction: [144, 37, 144, 37, 144, 37, 144, 37, 124, 37, 124, 37, 124, 37, 144, 37, 124, 37, 124, 37, 124, 37, 124, 37, 124, 37, 24, 37, 24, 37, 24, 37, 24, 37, 24, 37, 124, 37, 124, 37, 124, 37, 124, 37, 124, 37, 124, 37]
Ground Truth: [3492, 58, 272, 68, 85, 4175, 2222, 62, 1977, 124, 0, 0, 0, 0, 0, 0, 0, 0, 0, 0, 0, 0, 0, 0, 0, 0, 0, 0, 0, 0, 0]
==================================================
Step 2 (train) - 24.1521
Prediction: [37, 24, 37, 24, 3511, 24, 3511, 24, 3511, 24, 3511, 24, 3511, 24, 3511, 24, 3511, 24, 3511, 24, 3511, 24, 3511]
Ground Truth: [7, 32, 713, 434, 1113, 244, 4520, 299, 7, 29, 308, 435, 25, 600, 1830, 157, 919, 30, 2002, 712, 1001, 1338, 27, 30, 3039, 3511, 256, 3292, 1481, 3384, 0, 0, 0, 0, 0, 0, 0, 0, 0, 0, 0, 0, 0, 0, 0]
==================================================
Step 1 (train) - 19.9687
Prediction: [37, 24, 37, 24, 37, 24, 37, 24, 37, 24, 37, 24, 37, 24, 37, 24, 37, 24, 37, 24, 37, 24, 37, 24, 37, 24, 37, 24, 37, 24]
Ground Truth: [43, 759, 23, 191, 202, 46, 80, 617, 76, 2298, 475, 4905, 27, 546, 4982, 2741, 27, 280, 4985, 803, 3279, 21, 2390, 27, 2182, 2450, 1800, 4420, 30, 46, 1064, 350, 239, 37, 2574, 367, 132, 285, 330, 225, 22, 856, 733, 134, 4899]
==================================================
Step 2 (train) - 20.8135
Prediction: [144, 37]
Ground Truth: [6, 1854, 3954, 72, 3817, 64, 2463, 37, 85, 1502, 0, 0, 0, 0, 0, 0, 0, 0, 0, 0, 0, 0, 0, 0, 0, 0, 0, 0, 0, 0, 0]
==================================================
Step 1 (train) - 16.0359
Prediction: [37, 24, 37, 24, 37, 24, 37, 24, 37, 24, 37, 24, 37, 24, 37]
Ground Truth: [7, 127, 4976, 197, 37, 155, 85, 251, 4983, 225, 163, 608, 4985, 596, 1001, 70, 6, 1854, 4817, 1271, 24, 481, 0, 0, 0, 0, 0, 0, 0, 0, 0]
==================================================
Step 2 (train) - 19.1573
Prediction: [37, 124, 37, 24, 37, 24, 37, 24, 3511, 24, 3511, 24, 3511, 24, 3511, 24, 3511, 24, 3511, 24, 3511, 24, 3511, 24, 3511, 24, 3511, 24, 3511, 24, 3511, 24, 3511, 24, 3511, 24, 3511, 24, 3511, 24, 3511, 24, 3511, 24, 3511, 24, 3511, 24, 3511, 24, 3511, 24, 3511, 24, 3511, 24, 3511, 24, 3511, 24, 3511]
Ground Truth: [7, 32, 713, 434, 1113, 244, 4520, 299, 7, 29, 308, 435, 25, 600, 1830, 157, 919, 30, 2002, 712, 1001, 1338, 27, 30, 3039, 3511, 256, 3292, 1481, 3384, 0, 0, 0, 0, 0, 0, 0, 0, 0, 0, 0, 0, 0, 0, 0]
==================================================
Step 1 (train) - 15.9205
Prediction: [124, 37, 24, 37, 24, 37, 24, 37, 24, 37, 24, 37, 24, 3511, 24, 3511, 24, 3511, 24, 3511, 24, 3511, 24, 3511, 24, 3511, 24, 3511, 37]
Ground Truth: [7, 2274, 517, 3559, 27, 43, 3731, 7, 997, 7, 997, 24, 114, 41, 3183, 137, 266, 221, 299, 7, 2237, 3590, 34, 2696, 573, 2028, 76, 1593, 843, 0, 0]
==================================================
Step 2 (train) - 14.4365
Prediction: [144, 124, 37]
Ground Truth: [2619, 1066, 2547, 144, 476, 86, 2334, 74, 68, 360, 707, 1765, 0, 0, 0, 0, 0, 0, 0, 0, 0, 0, 0, 0, 0, 0, 0, 0, 0, 0, 0, 0, 0, 0, 0, 0, 0, 0, 0, 0, 0, 0, 0, 0, 0]
==================================================
Step 1 (train) - 13.8660
Prediction: [124, 37, 7, 37, 24, 3511, 24, 3511, 24, 3511, 24, 3511, 24, 3511, 24, 3511, 24, 3511, 24, 3511, 24, 3511, 24, 3511, 24, 3511, 24, 3511, 24, 3511, 37]
Ground Truth: [7, 2274, 517, 3559, 27, 43, 3731, 7, 997, 7, 997, 24, 114, 41, 3183, 137, 266, 221, 299, 7, 2237, 3590, 34, 2696, 573, 2028, 76, 1593, 843, 0, 0]
==================================================
Step 2 (train) - 12.5637
Prediction: [124, 37, 124, 37, 124, 37]
Ground Truth: [3492, 58, 272, 68, 85, 4175, 2222, 62, 1977, 124, 0, 0, 0, 0, 0, 0, 0, 0, 0, 0, 0, 0, 0, 0, 0, 0, 0, 0, 0, 0, 0, 0, 0, 0, 0, 0, 0, 0, 0, 0, 0, 0, 0, 0, 0]
==================================================
Step 1 (train) - 9.1319
Prediction: [37]
Ground Truth: [2487, 4977, 15, 2372, 226, 241, 360, 37, 250, 674, 0, 0, 0, 0, 0, 0, 0, 0, 0, 0, 0, 0, 0, 0, 0, 0, 0, 0, 0, 0, 0, 0, 0, 0, 0, 0, 0, 0, 0, 0, 0, 0, 0, 0, 0]
==================================================
Step 2 (train) - 16.6272
Prediction: [37, 124, 37]
Ground Truth: [6, 1854, 3954, 72, 3817, 64, 2463, 37, 85, 1502, 0, 0, 0, 0, 0, 0, 0, 0, 0, 0, 0, 0, 0, 0, 0, 0, 0, 0, 0, 0, 0]
==================================================
Step 1 (train) - 13.8800
Prediction: [124, 37, 124, 37, 24, 37, 24, 37]
Ground Truth: [397, 1416, 707, 4988, 119, 7, 2090, 4230, 202, 434, 151, 361, 27, 191, 7, 985, 4925, 2327, 24, 7, 280, 52, 892, 4980, 0, 0, 0, 0, 0, 0]
==================================================
Step 2 (train) - 10.3015
Prediction: [144, 37]
Ground Truth: [2619, 1066, 2547, 144, 476, 86, 2334, 74, 68, 360, 707, 1765, 0, 0, 0, 0, 0, 0, 0, 0, 0, 0, 0, 0, 0, 0, 0, 0, 0, 0, 0, 0, 0, 0, 0, 0, 0, 0, 0, 0, 0, 0, 0, 0, 0]
==================================================
Step 1 (train) - 10.6431
Prediction: [124, 37]
Ground Truth: [3492, 58, 272, 68, 85, 4175, 2222, 62, 1977, 124, 0, 0, 0, 0, 0, 0, 0, 0, 0, 0, 0, 0, 0, 0, 0, 0, 0, 0, 0, 0]
==================================================
Step 2 (train) - 9.2226
Prediction: [124, 37, 24, 37]
Ground Truth: [7, 127, 4976, 197, 37, 155, 85, 251, 4983, 225, 163, 608, 4985, 596, 1001, 70, 6, 1854, 4817, 1271, 24, 481, 0, 0, 0, 0, 0, 0, 0, 0, 0, 0, 0, 0, 0, 0, 0, 0, 0, 0, 0, 0, 0, 0, 0]
==================================================
Step 1 (train) - 8.2397
Prediction: [37, 24, 3511, 24, 3511, 37]
Ground Truth: [397, 1416, 707, 4988, 119, 7, 2090, 4230, 202, 434, 151, 361, 27, 191, 7, 985, 4925, 2327, 24, 7, 280, 52, 892, 4980, 0, 0, 0, 0, 0, 0, 0, 0, 0, 0, 0, 0, 0, 0, 0, 0, 0, 0, 0, 0, 0]
==================================================
Step 2 (train) - 6.2581
Prediction: [7, 144, 7, 37, 124, 24, 3511, 24, 3511, 24, 3511, 24, 3511, 24, 3511, 24, 3511, 24, 3511, 24]
Ground Truth: [98, 468, 130, 93, 165, 455, 1249, 30, 6, 457, 2378, 1423, 1721, 34, 43, 4066, 173, 43, 460, 1703, 1593, 424, 30, 1845, 76, 481, 261, 2658, 24, 3513, 1324]
==================================================
Step 1 (train) - 7.5852
Prediction: [7, 24, 37]
Ground Truth: [7, 2274, 517, 3559, 27, 43, 3731, 7, 997, 7, 997, 24, 114, 41, 3183, 137, 266, 221, 299, 7, 2237, 3590, 34, 2696, 573, 2028, 76, 1593, 843, 0, 0]
==================================================
Step 2 (train) - 5.8424
Prediction: [37]
Ground Truth: [2487, 4977, 15, 2372, 226, 241, 360, 37, 250, 674, 0, 0, 0, 0, 0, 0, 0, 0, 0, 0, 0, 0, 0, 0, 0, 0, 0, 0, 0, 0, 0, 0, 0, 0, 0, 0, 0, 0, 0, 0, 0, 0, 0, 0, 0]
==================================================
Step 1 (train) - 6.1732
Prediction: [7, 37, 24, 37]
Ground Truth: [397, 1416, 707, 4988, 119, 7, 2090, 4230, 202, 434, 151, 361, 27, 191, 7, 985, 4925, 2327, 24, 7, 280, 52, 892, 4980, 0, 0, 0, 0, 0, 0, 0, 0, 0, 0, 0, 0, 0, 0, 0, 0, 0, 0, 0, 0, 0]
==================================================
Step 2 (train) - 6.0311
Prediction: [144, 24, 144, 24]
Ground Truth: [98, 468, 130, 93, 165, 455, 1249, 30, 6, 457, 2378, 1423, 1721, 34, 43, 4066, 173, 43, 460, 1703, 1593, 424, 30, 1845, 76, 481, 261, 2658, 24, 3513, 1324]
==================================================
Step 1 (train) - 5.6851
Prediction: [7, 24, 37]
Ground Truth: [7, 2274, 517, 3559, 27, 43, 3731, 7, 997, 7, 997, 24, 114, 41, 3183, 137, 266, 221, 299, 7, 2237, 3590, 34, 2696, 573, 2028, 76, 1593, 843, 0, 0]
==================================================
Step 2 (train) - 5.0544
Prediction: [7, 37]
Ground Truth: [43, 759, 23, 191, 202, 46, 80, 617, 76, 2298, 475, 4905, 27, 546, 4982, 2741, 27, 280, 4985, 803, 3279, 21, 2390, 27, 2182, 2450, 1800, 4420, 30, 46, 1064, 350, 239, 37, 2574, 367, 132, 285, 330, 225, 22, 856, 733, 134, 4899]
==================================================
Step 1 (train) - 4.7337
Prediction: [7, 37, 3511]
Ground Truth: [7, 32, 713, 434, 1113, 244, 4520, 299, 7, 29, 308, 435, 25, 600, 1830, 157, 919, 30, 2002, 712, 1001, 1338, 27, 30, 3039, 3511, 256, 3292, 1481, 3384]
==================================================
Step 2 (train) - 5.3239
Prediction: [37, 24, 37]
Ground Truth: [7, 127, 4976, 197, 37, 155, 85, 251, 4983, 225, 163, 608, 4985, 596, 1001, 70, 6, 1854, 4817, 1271, 24, 481, 0, 0, 0, 0, 0, 0, 0, 0, 0, 0, 0, 0, 0, 0, 0, 0, 0, 0, 0, 0, 0, 0, 0]
==================================================
Step 1 (train) - 5.1603
Prediction: [7, 27, 7, 24, 3511, 24, 3511, 24, 3511, 24, 3511, 24, 37]
Ground Truth: [7, 2274, 517, 3559, 27, 43, 3731, 7, 997, 7, 997, 24, 114, 41, 3183, 137, 266, 221, 299, 7, 2237, 3590, 34, 2696, 573, 2028, 76, 1593, 843, 0, 0, 0, 0, 0, 0, 0, 0, 0, 0, 0, 0, 0, 0, 0, 0]
==================================================
Step 2 (train) - 3.9094
Prediction: [3492, 2487, 272, 124, 37]
Ground Truth: [3492, 58, 272, 68, 85, 4175, 2222, 62, 1977, 124, 0, 0, 0, 0, 0, 0, 0, 0, 0, 0, 0, 0, 0, 0, 0, 0, 0, 0, 0, 0]
==================================================
Step 1 (train) - 3.9258
Prediction: [2487, 4977, 15, 37, 3511, 37, 3511, 37]
Ground Truth: [2487, 4977, 15, 2372, 226, 241, 360, 37, 250, 674, 0, 0, 0, 0, 0, 0, 0, 0, 0, 0, 0, 0, 0, 0, 0, 0, 0, 0, 0, 0, 0]
==================================================
Step 2 (train) - 4.2230
Prediction: [144, 707, 1765, 37]
Ground Truth: [2619, 1066, 2547, 144, 476, 86, 2334, 74, 68, 360, 707, 1765, 0, 0, 0, 0, 0, 0, 0, 0, 0, 0, 0, 0, 0, 0, 0, 0, 0, 0, 0, 0, 0, 0, 0, 0, 0, 0, 0, 0, 0, 0, 0, 0, 0]
==================================================
Step 1 (train) - 3.5769
Prediction: [37, 3511, 37, 3511, 37, 3511, 37, 3511, 37, 3511, 37]
Ground Truth: [2487, 4977, 15, 2372, 226, 241, 360, 37, 250, 674, 0, 0, 0, 0, 0, 0, 0, 0, 0, 0, 0, 0, 0, 0, 0, 0, 0, 0, 0, 0]
==================================================
Step 2 (train) - 4.1820
Prediction: [7, 37, 27, 37, 3511, 37, 3511, 37]
Ground Truth: [43, 759, 23, 191, 202, 46, 80, 617, 76, 2298, 475, 4905, 27, 546, 4982, 2741, 27, 280, 4985, 803, 3279, 21, 2390, 27, 2182, 2450, 1800, 4420, 30, 46, 1064, 350, 239, 37, 2574, 367, 132, 285, 330, 225, 22, 856, 733, 134, 4899]
==================================================
Step 1 (train) - 3.4773
Prediction: [3492, 58, 68, 124, 37, 3511, 37, 3511, 37, 3511, 37, 3511, 37, 3511, 37, 3511, 37, 3511, 37, 3511, 37, 3511, 37, 3511, 37, 3511, 37, 3511, 37]
Ground Truth: [3492, 58, 272, 68, 85, 4175, 2222, 62, 1977, 124, 0, 0, 0, 0, 0, 0, 0, 0, 0, 0, 0, 0, 0, 0, 0, 0, 0, 0, 0, 0, 0, 0, 0, 0, 0, 0, 0, 0, 0, 0, 0, 0, 0, 0, 0]
==================================================
Step 2 (train) - 3.5214
Prediction: [1066, 144, 37, 1765, 707, 1765, 37, 3511, 37, 3511, 37, 3511, 37]
Ground Truth: [2619, 1066, 2547, 144, 476, 86, 2334, 74, 68, 360, 707, 1765, 0, 0, 0, 0, 0, 0, 0, 0, 0, 0, 0, 0, 0, 0, 0, 0, 0, 0, 0]
==================================================
Step 1 (train) - 3.0974
Prediction: [7, 43, 144, 24]
Ground Truth: [98, 468, 130, 93, 165, 455, 1249, 30, 6, 457, 2378, 1423, 1721, 34, 43, 4066, 173, 43, 460, 1703, 1593, 424, 30, 1845, 76, 481, 261, 2658, 24, 3513, 1324]
==================================================
Step 2 (train) - 3.2270
Prediction: [144, 68, 476, 360, 86, 1765, 37, 3511, 37, 85, 37, 3511, 37, 3511, 37, 3511, 37]
Ground Truth: [2619, 1066, 2547, 144, 476, 86, 2334, 74, 68, 360, 707, 1765, 0, 0, 0, 0, 0, 0, 0, 0, 0, 0, 0, 0, 0, 0, 0, 0, 0, 0, 0, 0, 0, 0, 0, 0, 0, 0, 0, 0, 0, 0, 0, 0, 0]
==================================================
Step 1 (train) - 3.5025
Prediction: [7, 27, 43, 27, 30, 173, 997, 43, 30, 43, 460, 1703, 30, 24]
Ground Truth: [98, 468, 130, 93, 165, 455, 1249, 30, 6, 457, 2378, 1423, 1721, 34, 43, 4066, 173, 43, 460, 1703, 1593, 424, 30, 1845, 76, 481, 261, 2658, 24, 3513, 1324, 0, 0, 0, 0, 0, 0, 0, 0, 0, 0, 0, 0, 0, 0]
==================================================
Step 2 (train) - 2.4631
Prediction: [144, 2547, 144, 476, 2334, 74, 2334, 707, 1765, 37, 3511, 85, 37, 85, 37, 85, 37, 85, 37, 85, 37, 85, 37, 85, 37, 85, 37, 85, 37, 85, 37, 3511, 37, 85, 37, 85, 37, 85, 37, 85, 37, 85, 37, 85, 37, 85, 37, 85, 37, 85, 37, 85, 37, 85, 3511, 37, 85, 37, 3511, 37, 85, 37, 85, 37, 85, 37, 85, 37, 85, 37, 85, 37, 85, 37, 85, 37, 85, 37, 85, 37, 85, 37, 85, 37, 85, 37, 85, 3511, 37, 85, 37, 85, 37, 85, 37, 85, 37, 85, 37]
Ground Truth: [2619, 1066, 2547, 144, 476, 86, 2334, 74, 68, 360, 707, 1765, 0, 0, 0, 0, 0, 0, 0, 0, 0, 0, 0, 0, 0, 0, 0, 0, 0]
==================================================
Step 1 (train) - 3.0396
Prediction: [7, 43, 1703, 43, 1703, 460, 1845, 144, 1845, 144, 24]
Ground Truth: [98, 468, 130, 93, 165, 455, 1249, 30, 6, 457, 2378, 1423, 1721, 34, 43, 4066, 173, 43, 460, 1703, 1593, 424, 30, 1845, 76, 481, 261, 2658, 24, 3513, 1324, 0, 0, 0, 0, 0, 0, 0, 0, 0, 0, 0, 0, 0, 0]
==================================================
Step 2 (train) - 2.4537
Prediction: [144, 86, 2334, 476, 74, 1765, 37, 85, 37, 85, 37, 85, 37, 85, 6, 37, 85, 37, 85, 37, 85, 37, 85, 37, 85, 37, 85, 37, 85, 37, 85, 37, 85, 37, 85, 37, 85, 37, 85, 37, 85, 37, 85, 37, 85, 37, 85, 6, 85, 37, 85, 37, 85, 6, 85, 37, 85, 37, 85, 37, 85, 37, 85, 37, 85, 37, 85, 37, 85, 37, 85]
Ground Truth: [2619, 1066, 2547, 144, 476, 86, 2334, 74, 68, 360, 707, 1765, 0, 0, 0, 0, 0, 0, 0, 0, 0, 0, 0, 0, 0, 0, 0, 0, 0, 0]
==================================================
Step 1 (train) - 2.6056
Prediction: [6, 1854, 37, 4983, 251, 4983, 251, 608, 4817, 70, 24, 85, 6, 85, 37, 85, 6, 85, 37, 85, 6, 85, 37, 85, 6, 37, 85, 37, 6, 85, 6, 85, 37, 85, 6, 85, 37, 85, 37, 85, 6, 85]
Ground Truth: [7, 127, 4976, 197, 37, 155, 85, 251, 4983, 225, 163, 608, 4985, 596, 1001, 70, 6, 1854, 4817, 1271, 24, 481, 0, 0, 0, 0, 0, 0, 0, 0]
==================================================
Step 2 (train) - 2.3650
Prediction: [3492, 43, 173, 43, 460, 1703, 1845, 1703, 1845, 24]
Ground Truth: [98, 468, 130, 93, 165, 455, 1249, 30, 6, 457, 2378, 1423, 1721, 34, 43, 4066, 173, 43, 460, 1703, 1593, 424, 30, 1845, 76, 481, 261, 2658, 24, 3513, 1324, 0, 0, 0, 0, 0, 0, 0, 0, 0, 0, 0, 0, 0, 0]
==================================================
Step 1 (train) - 2.8326
Prediction: [7, 308, 435, 157, 25, 308, 435, 1830, 157, 919, 712, 30, 27, 30, 3511, 85]
Ground Truth: [7, 32, 713, 434, 1113, 244, 4520, 299, 7, 29, 308, 435, 25, 600, 1830, 157, 919, 30, 2002, 712, 1001, 1338, 27, 30, 3039, 3511, 256, 3292, 1481, 3384, 0, 0, 0, 0, 0, 0, 0, 0, 0, 0, 0, 0, 0, 0, 0]
==================================================
Step 2 (train) - 1.6784
Prediction: [2619, 2547, 1066, 144, 86, 2334, 74, 1765, 85, 6, 85, 6, 85, 6, 85, 6, 85, 6, 85, 6, 85]
Ground Truth: [2619, 1066, 2547, 144, 476, 86, 2334, 74, 68, 360, 707, 1765, 0, 0, 0, 0, 0, 0, 0, 0, 0, 0]
==================================================
Step 1 (train) - 2.1789
Prediction: [7, 7, 617, 27, 27, 2182, 2450, 1800, 2450, 1800, 2450, 4420, 1064, 4420, 1064, 350, 37, 367, 285, 134, 330, 733, 4899, 134]
Ground Truth: [43, 759, 23, 191, 202, 46, 80, 617, 76, 2298, 475, 4905, 27, 546, 4982, 2741, 27, 280, 4985, 803, 3279, 21, 2390, 27, 2182, 2450, 1800, 4420, 30, 46, 1064, 350, 239, 37, 2574, 367, 132, 285, 330, 225, 22, 856, 733, 134, 4899]
==================================================
Step 2 (train) - 2.1011
Prediction: [1854, 3954, 72, 64, 37, 85, 1502, 85, 6, 85, 6, 85, 6, 85, 6, 85, 6, 85, 6, 85, 6, 85, 6, 85, 6, 85, 6, 85, 6, 85, 6, 85, 6, 85, 6, 85]
Ground Truth: [6, 1854, 3954, 72, 3817, 64, 2463, 37, 85, 1502, 0, 0, 0, 0, 0, 0, 0, 0, 0, 0, 0, 0, 0, 0, 0, 0, 0, 0, 0, 0, 0]
==================================================
Step 1 (train) - 1.6095
Prediction: [2619, 1066, 2547, 144, 86, 2334, 360, 707, 1765, 85, 6, 85, 6, 85]
Ground Truth: [2619, 1066, 2547, 144, 476, 86, 2334, 74, 68, 360, 707, 1765, 0, 0, 0, 0, 0, 0, 0, 0, 0, 0, 0, 0]
==================================================
Step 2 (train) - 2.3516
Prediction: [7, 299, 7, 29, 7, 27, 25, 27, 157, 27, 30, 3511, 256, 3292, 3384, 85]
Ground Truth: [7, 32, 713, 434, 1113, 244, 4520, 299, 7, 29, 308, 435, 25, 600, 1830, 157, 919, 30, 2002, 712, 1001, 1338, 27, 30, 3039, 3511, 256, 3292, 1481, 3384, 0, 0, 0, 0, 0, 0, 0, 0, 0, 0, 0, 0, 0, 0, 0]
==================================================
Step 1 (train) - 2.1697
Prediction: [7, 127, 197, 37, 155, 85, 4983, 163, 608, 4985, 596, 1854, 70, 1854, 24, 481, 85, 6, 85, 6, 85, 6, 85, 6, 85, 6, 85, 6, 85, 6, 85, 6, 85, 6, 85, 6, 85, 6, 85, 6, 85, 6, 85, 6, 85, 6, 85, 6, 85, 6, 85, 6]
Ground Truth: [7, 127, 4976, 197, 37, 155, 85, 251, 4983, 225, 163, 608, 4985, 596, 1001, 70, 6, 1854, 4817, 1271, 24, 481, 0, 0, 0, 0, 0, 0, 0, 0, 0, 0, 0, 0, 0, 0, 0, 0, 0, 0, 0, 0, 0, 0, 0]
==================================================
Step 2 (train) - 1.5185
Prediction: [2487, 4977, 15, 226, 241, 37, 250, 674, 85, 6, 85, 6, 85, 6, 85, 6, 85, 6, 85, 6, 85, 6, 85, 6, 85, 6, 85, 6, 85, 6, 85, 6, 85, 6, 85, 6, 85, 6, 85, 6, 85, 6, 85, 6, 85, 6, 85, 6, 85, 6, 85, 6, 85, 6, 85, 6, 85, 6, 85, 6, 85, 6, 85, 6, 85, 6, 85, 6, 85, 6, 85, 6, 85, 6, 85, 6, 85, 6, 85, 6, 85, 6, 85, 6, 85, 6, 85, 6, 85, 6, 85, 6, 85, 6, 85, 6, 85, 6, 85, 6, 85, 6, 85, 6, 85, 6, 85, 6, 85, 6, 85, 6, 85, 6]
Ground Truth: [2487, 4977, 15, 2372, 226, 241, 360, 37, 250, 674, 0, 0, 0, 0, 0, 0, 0, 0, 0, 0, 0, 0, 0, 0, 0, 0, 0, 0, 0]
==================================================
Step 1 (train) - 1.3424
Prediction: [2487, 4977, 15, 226, 37, 250, 674, 85, 6, 85, 6, 85, 6, 85, 6, 85, 6, 85, 6, 85, 6, 85, 6, 85, 6, 85, 6, 85, 6, 85, 6, 85, 6, 85, 6, 85, 6, 85, 6, 85, 6, 85, 6, 85, 6, 85, 6, 85, 6, 85, 6, 85, 6, 85, 6, 85, 6, 85, 6, 85, 6, 85, 6, 85, 6, 85, 6, 85, 6, 85, 6, 85, 6, 85, 6, 85, 6, 85, 6, 85, 6, 85, 6, 85, 6, 85, 6, 85, 6, 85, 6, 85, 6, 85, 6, 85, 6, 85, 6, 85, 6, 85, 6, 85, 6, 85, 6, 85, 6, 85, 6, 85, 6, 85, 6, 85, 6, 85, 6, 85, 6, 85, 6, 85, 6, 85, 6, 85, 6, 85, 6, 85, 6, 85, 6, 85, 6, 85, 6, 85, 6, 85, 6, 85, 6, 85, 6, 85]
Ground Truth: [2487, 4977, 15, 2372, 226, 241, 360, 37, 250, 674, 0, 0, 0, 0, 0, 0, 0, 0, 0, 0, 0, 0, 0, 0, 0, 0, 0, 0, 0, 0]
==================================================
Step 2 (train) - 2.0235
Prediction: [7, 3492, 130, 4988, 119, 455, 4230, 457, 1423, 457, 2378, 1423, 43, 1703, 1593, 1845, 2658, 24, 481]
Ground Truth: [98, 468, 130, 93, 165, 455, 1249, 30, 6, 457, 2378, 1423, 1721, 34, 43, 4066, 173, 43, 460, 1703, 1593, 424, 30, 1845, 76, 481, 261, 2658, 24, 3513, 1324, 0, 0, 0, 0, 0, 0, 0, 0, 0, 0, 0, 0, 0, 0]
==================================================
Step 1 (train) - 1.5469
Prediction: [6, 1854, 3954, 72, 64, 2463, 37, 85, 1502, 85, 6, 85, 6, 85, 6, 85, 6, 85, 6, 85, 6, 85, 6, 85, 6, 85, 6, 85, 6, 85, 6, 85, 6, 85, 6, 85, 6, 85, 6, 85, 6, 85, 6, 85, 6, 85, 6, 85, 6, 85, 6, 85, 6, 85, 6, 85, 6, 85, 6, 85, 6, 85, 6, 85, 6, 85, 6, 85, 6, 85, 6, 85, 6, 85, 6, 85, 6, 85, 6, 85, 6, 85, 6, 85, 6, 85, 6, 85, 6, 85, 6, 85, 6, 85, 6, 85, 6, 85, 6, 85, 6, 85, 6, 85, 6, 85, 6, 85, 6, 85, 6, 85, 6, 85, 6, 85, 6, 85, 6, 85, 6, 85, 6, 85, 6, 85, 6, 85, 6, 85, 6, 85, 6, 85, 6, 85, 6, 85, 6, 85, 6, 85, 6, 85, 6, 85, 6, 85, 6, 85]
Ground Truth: [6, 1854, 3954, 72, 3817, 64, 2463, 37, 85, 1502, 0, 0, 0, 0, 0, 0, 0, 0, 0, 0, 0, 0, 0, 0, 0, 0, 0, 0, 0, 0, 0]
==================================================
Step 2 (train) - 1.5016
Prediction: [3492, 58, 272, 85, 4175, 62, 1977, 62, 124, 6, 85, 6, 85, 6, 85, 6, 85, 6, 85, 6, 85, 6, 85, 6, 85, 6, 85, 6, 85, 6, 85, 6, 85, 6, 85, 6, 85, 6, 85, 6, 85, 6, 85, 6, 85, 6, 85, 6, 85, 6, 85, 6, 85, 6, 85, 6, 85, 6, 85, 6, 85, 6, 85, 6, 85, 6, 85, 6, 85, 6, 85, 6, 85, 6, 85, 6, 85, 6, 85, 6, 85, 6, 85, 6, 85, 6, 85, 6, 85, 6, 85, 6, 85, 6, 85, 6, 85, 6, 85, 6, 85, 6, 85, 6, 85, 6, 85, 6, 85, 6, 85, 6, 85, 6, 85, 6, 85, 6, 85, 6, 85, 6, 85, 6, 85, 6, 85, 6, 85, 6, 85, 6, 85, 6, 85, 6, 85, 6, 85, 6, 85, 6, 85, 6, 85, 6, 85, 6, 85, 6, 85, 6, 85, 6, 85, 6, 85, 6, 85, 6, 85, 6, 85, 6, 85, 6, 85, 6, 85, 6, 85, 6, 85, 6, 85, 6, 85, 6, 85, 6, 85, 6, 85, 6, 85, 6, 85, 6]
Ground Truth: [3492, 58, 272, 68, 85, 4175, 2222, 62, 1977, 124, 0, 0, 0, 0, 0, 0, 0, 0, 0, 0, 0, 0, 0, 0, 0, 0, 0, 0, 0, 0, 0, 0, 0, 0, 0, 0, 0, 0, 0, 0, 0, 0, 0, 0, 0]
==================================================
Step 1 (train) - 1.4906
Prediction: [3492, 58, 272, 68, 85, 4175, 62, 1977, 124, 6, 85, 6, 85, 6, 85, 6, 85, 6, 85, 6, 85, 6, 85, 6, 85, 6, 85, 6, 85, 6, 85, 6, 85, 6, 85, 6, 85, 6, 85, 6, 85, 6, 85, 6, 85, 6, 85, 6, 85, 6, 85, 6, 85, 6, 85, 6, 85, 6, 85, 6, 85, 6, 85, 6, 85, 6, 85, 6, 85, 6, 85, 6, 85, 6, 85, 6, 85, 6, 85, 6, 85, 6, 85, 6, 85, 6, 85, 6, 85, 6, 85, 6, 85, 6, 85, 6, 85, 6, 85, 6, 85, 6, 85, 6, 85, 6, 85, 6, 85, 6, 85, 6, 85, 6, 85, 6, 85, 6, 85, 6, 85, 6, 85, 6, 85, 6, 85, 6, 85, 6, 85, 6, 85, 6, 85, 6]
Ground Truth: [3492, 58, 272, 68, 85, 4175, 2222, 62, 1977, 124, 0, 0, 0, 0, 0, 0, 0, 0, 0, 0, 0, 0, 0, 0, 0, 0, 0, 0, 0, 0, 0, 0, 0, 0, 0, 0, 0, 0, 0, 0, 0, 0, 0, 0, 0]
==================================================
Step 2 (train) - 1.3663
Prediction: [2487, 4977, 15, 226, 241, 360, 37, 250, 674, 6, 85, 6, 85, 6, 85, 6, 85, 6, 85, 6, 85, 6, 85, 6, 85, 6, 85, 6, 85, 6, 85, 6, 85, 6, 85, 6, 85, 6, 85, 6, 85, 6, 85, 6, 85, 6, 85, 6, 85, 6, 85, 6, 85, 6, 85, 6, 85, 6, 85, 6, 85, 6, 85, 6, 85, 6, 85, 6, 85, 6, 85, 6, 85, 6, 85, 6, 85, 6, 85, 6, 85, 6, 85, 6, 85, 6, 85, 6, 85, 6, 85, 6, 85, 6, 85, 6, 85, 6, 85, 6, 85, 6, 85, 6, 85, 6, 85, 6, 85, 6, 85, 6, 85, 6, 85, 6, 85, 6, 85, 6, 85]
Ground Truth: [2487, 4977, 15, 2372, 226, 241, 360, 37, 250, 674, 0, 0, 0, 0, 0, 0, 0, 0, 0, 0, 0, 0, 0, 0, 0, 0, 0, 0, 0, 0, 0]
==================================================
Step 1 (train) - 1.2893
Prediction: [397, 468, 707, 119, 7, 119, 4230, 434, 202, 151, 27, 361, 27, 985, 2327, 24, 3513, 4980, 6, 85, 6, 85, 6, 85, 6, 85, 6, 85, 6, 85, 6, 85, 6, 85, 6, 85, 6, 85, 6, 85, 6, 85, 6]
Ground Truth: [397, 1416, 707, 4988, 119, 7, 2090, 4230, 202, 434, 151, 361, 27, 191, 7, 985, 4925, 2327, 24, 7, 280, 52, 892, 4980, 0, 0, 0, 0, 0, 0, 0, 0, 0, 0, 0, 0, 0, 0, 0, 0, 0, 0, 0, 0, 0]
==================================================
Step 2 (train) - 1.2484
Prediction: [7, 713, 244, 1113, 4520, 7, 29, 25, 157, 600, 919, 30, 2002, 30, 3039, 3511, 256, 1481, 3384, 6]
Ground Truth: [7, 32, 713, 434, 1113, 244, 4520, 299, 7, 29, 308, 435, 25, 600, 1830, 157, 919, 30, 2002, 712, 1001, 1338, 27, 30, 3039, 3511, 256, 3292, 1481, 3384, 0]
==================================================
Step 1 (train) - 1.3932
Prediction: [7, 23, 4976, 202, 80, 46, 27, 617, 27, 4982, 27, 21, 2390, 2450, 1800, 4420, 1800, 46, 1064, 239, 37, 367, 330, 285, 22, 733, 134, 4899, 6]
Ground Truth: [43, 759, 23, 191, 202, 46, 80, 617, 76, 2298, 475, 4905, 27, 546, 4982, 2741, 27, 280, 4985, 803, 3279, 21, 2390, 27, 2182, 2450, 1800, 4420, 30, 46, 1064, 350, 239, 37, 2574, 367, 132, 285, 330, 225, 22, 856, 733, 134, 4899]
==================================================
Step 2 (train) - 0.9790
Prediction: [6, 1854, 3954, 72, 3817, 64, 2463, 37, 85, 1502, 6, 85, 6]
Ground Truth: [6, 1854, 3954, 72, 3817, 64, 2463, 37, 85, 1502, 0, 0, 0, 0, 0, 0, 0, 0, 0, 0, 0, 0, 0, 0, 0, 0, 0, 0, 0, 0]
==================================================
Step 1 (train) - 1.2456
Prediction: [7, 127, 4976, 197, 37, 155, 251, 4983, 225, 608, 596, 6, 4817, 24, 481, 6]
Ground Truth: [7, 127, 4976, 197, 37, 155, 85, 251, 4983, 225, 163, 608, 4985, 596, 1001, 70, 6, 1854, 4817, 1271, 24, 481, 0, 0, 0, 0, 0, 0, 0, 0, 0, 0, 0, 0, 0, 0, 0, 0, 0, 0, 0, 0, 0, 0, 0]
==================================================
Step 2 (train) - 0.8791
Prediction: [98, 468, 130, 165, 455, 1249, 6, 2378, 1721, 34, 4066, 1703, 424, 1845, 424, 1845, 481, 261, 2658, 24, 3513, 4980]
Ground Truth: [98, 468, 130, 93, 165, 455, 1249, 30, 6, 457, 2378, 1423, 1721, 34, 43, 4066, 173, 43, 460, 1703, 1593, 424, 30, 1845, 76, 481, 261, 2658, 24, 3513, 1324]
==================================================
Step 1 (train) - 1.3049
Prediction: [7, 32, 713, 1113, 244, 299, 29, 308, 435, 25, 1830, 157, 2002, 1001, 30, 3039, 3511, 3292, 1481, 3384, 6]
Ground Truth: [7, 32, 713, 434, 1113, 244, 4520, 299, 7, 29, 308, 435, 25, 600, 1830, 157, 919, 30, 2002, 712, 1001, 1338, 27, 30, 3039, 3511, 256, 3292, 1481, 3384, 0, 0, 0, 0, 0, 0, 0, 0, 0, 0, 0, 0, 0, 0, 0]
==================================================
Step 2 (train) - 0.6915
Prediction: [127, 4976, 197, 37, 155, 251, 4983, 163, 596, 70, 1854, 4817, 1271, 4817, 1271, 24, 481]
Ground Truth: [7, 127, 4976, 197, 37, 155, 85, 251, 4983, 225, 163, 608, 4985, 596, 1001, 70, 6, 1854, 4817, 1271, 24, 481, 0, 0]
==================================================
Step 1 (train) - 0.6903
Prediction: [98, 468, 130, 165, 455, 1249, 6, 457, 2378, 1423, 1721, 43, 173, 43, 173, 1703, 1593, 424, 1845, 481, 261, 2658, 24, 3513]
Ground Truth: [98, 468, 130, 93, 165, 455, 1249, 30, 6, 457, 2378, 1423, 1721, 34, 43, 4066, 173, 43, 460, 1703, 1593, 424, 30, 1845, 76, 481, 261, 2658, 24, 3513, 1324]
==================================================
Step 2 (train) - 1.0689
Prediction: [7, 127, 4976, 197, 37, 155, 251, 4983, 163, 4985, 1001, 70, 1854, 4817, 1271, 24, 481, 6]
Ground Truth: [7, 127, 4976, 197, 37, 155, 85, 251, 4983, 225, 163, 608, 4985, 596, 1001, 70, 6, 1854, 4817, 1271, 24, 481, 0, 0, 0, 0, 0, 0, 0, 0, 0, 0, 0, 0, 0, 0, 0, 0, 0, 0, 0, 0, 0, 0, 0]
==================================================
Step 1 (train) - 0.9703
Prediction: [98, 468, 130, 165, 455, 1249, 30, 457, 1423, 1721, 43, 460, 1703, 424, 1593, 1845, 76, 481, 261, 24, 3513]
Ground Truth: [98, 468, 130, 93, 165, 455, 1249, 30, 6, 457, 2378, 1423, 1721, 34, 43, 4066, 173, 43, 460, 1703, 1593, 424, 30, 1845, 76, 481, 261, 2658, 24, 3513, 1324]
==================================================
Step 2 (train) - 0.7022
Prediction: [6, 1854, 3954, 72, 3817, 64, 37, 85, 1502, 6]
Ground Truth: [6, 1854, 3954, 72, 3817, 64, 2463, 37, 85, 1502, 0, 0, 0, 0, 0, 0, 0, 0, 0, 0, 0, 0, 0, 0, 0, 0, 0, 0, 0, 0, 0, 0, 0, 0, 0, 0, 0, 0, 0, 0, 0, 0, 0, 0, 0]
==================================================
Step 1 (train) - 0.5550
Prediction: [2619, 1066, 2547, 144, 476, 86, 2334, 74, 68, 360, 707, 1765, 6]
Ground Truth: [2619, 1066, 2547, 144, 476, 86, 2334, 74, 68, 360, 707, 1765, 0, 0, 0, 0, 0, 0, 0, 0, 0, 0, 0, 0, 0, 0, 0, 0, 0, 0, 0]
==================================================
Step 2 (train) - 0.9784
Prediction: [7, 2274, 517, 3559, 27, 3731, 7, 997, 24, 114, 3183, 137, 221, 3590, 34, 2696, 1593, 843, 6]
Ground Truth: [7, 2274, 517, 3559, 27, 43, 3731, 7, 997, 7, 997, 24, 114, 41, 3183, 137, 266, 221, 299, 7, 2237, 3590, 34, 2696, 573, 2028, 76, 1593, 843, 0, 0, 0, 0, 0, 0, 0, 0, 0, 0, 0, 0, 0, 0, 0, 0]
==================================================
Step 1 (train) - 0.5491
Prediction: [7, 2274, 517, 3559, 27, 3731, 7, 997, 24, 114, 3183, 137, 221, 266, 221, 2237, 3590, 7, 2237, 3590, 2696, 34, 76, 1593, 843]
Ground Truth: [7, 2274, 517, 3559, 27, 43, 3731, 7, 997, 7, 997, 24, 114, 41, 3183, 137, 266, 221, 299, 7, 2237, 3590, 34, 2696, 573, 2028, 76, 1593, 843]
==================================================
Step 2 (train) - 0.8580
Prediction: [7, 32, 713, 434, 1113, 244, 299, 7, 29, 25, 1830, 919, 2002, 712, 1001, 30, 3039, 3511, 256, 3292, 1481, 3384, 6]
Ground Truth: [7, 32, 713, 434, 1113, 244, 4520, 299, 7, 29, 308, 435, 25, 600, 1830, 157, 919, 30, 2002, 712, 1001, 1338, 27, 30, 3039, 3511, 256, 3292, 1481, 3384, 0, 0, 0, 0, 0, 0, 0, 0, 0, 0, 0, 0, 0, 0, 0]
==================================================
Step 1 (train) - 0.7716
Prediction: [397, 1416, 707, 4988, 119, 7, 2090, 202, 434, 361, 191, 985, 2327, 24, 7, 52, 892, 4980, 6]
Ground Truth: [397, 1416, 707, 4988, 119, 7, 2090, 4230, 202, 434, 151, 361, 27, 191, 7, 985, 4925, 2327, 24, 7, 280, 52, 892, 4980, 0, 0, 0, 0, 0, 0, 0]
==================================================
Step 2 (train) - 0.5441
Prediction: [3492, 58, 272, 68, 85, 4175, 2222, 62, 1977, 124, 6, 7, 6, 7, 6, 7, 6, 7, 6, 7, 6]
Ground Truth: [3492, 58, 272, 68, 85, 4175, 2222, 62, 1977, 124, 0, 0, 0, 0, 0, 0, 0, 0, 0, 0, 0, 0, 0, 0, 0, 0, 0, 0, 0, 0, 0, 0, 0, 0, 0, 0, 0, 0, 0, 0, 0, 0, 0, 0, 0]
==================================================
Step 1 (train) - 0.7508
Prediction: [6, 1854, 3954, 72, 3817, 64, 2463, 37, 85, 1502, 6, 7, 6, 7, 6, 7, 6, 7, 6, 7, 6, 7, 6, 7, 6, 7, 6, 7, 6, 7, 6, 7, 6, 7, 6, 7, 6]
Ground Truth: [6, 1854, 3954, 72, 3817, 64, 2463, 37, 85, 1502, 0, 0, 0, 0, 0, 0, 0, 0, 0, 0, 0, 0, 0, 0, 0, 0, 0, 0, 0, 0, 0, 0, 0, 0, 0, 0, 0, 0, 0, 0, 0, 0, 0, 0, 0]
==================================================
Step 2 (train) - 0.4256
Prediction: [2619, 1066, 2547, 144, 476, 86, 2334, 74, 68, 360, 707, 1765, 6, 7, 6, 7, 6, 7, 6, 1324, 6, 7, 6, 7, 6, 7, 6]
Ground Truth: [2619, 1066, 2547, 144, 476, 86, 2334, 74, 68, 360, 707, 1765, 0, 0, 0, 0, 0, 0, 0, 0, 0, 0, 0, 0, 0, 0, 0, 0, 0, 0]
==================================================
Step 1 (train) - 0.7494
Prediction: [43, 759, 23, 191, 202, 80, 617, 80, 2298, 4905, 27, 546, 27, 280, 3279, 27, 2390, 27, 2450, 1800, 4420, 1064, 350, 239, 37, 2574, 132, 330, 22, 856, 134, 4899, 6]
Ground Truth: [43, 759, 23, 191, 202, 46, 80, 617, 76, 2298, 475, 4905, 27, 546, 4982, 2741, 27, 280, 4985, 803, 3279, 21, 2390, 27, 2182, 2450, 1800, 4420, 30, 46, 1064, 350, 239, 37, 2574, 367, 132, 285, 330, 225, 22, 856, 733, 134, 4899]
==================================================
Step 2 (train) - 0.4116
Prediction: [2487, 4977, 15, 2372, 226, 241, 360, 37, 250, 674, 6, 7, 6, 7, 6, 7, 6, 7, 6, 7, 6, 7, 6, 7, 6, 7, 6, 7, 6, 7, 6, 7, 6, 7, 6, 7, 6, 7, 6, 7, 6, 7, 6, 7, 6, 1765, 6, 7, 6, 1324, 6, 7, 6, 30, 6, 7, 6, 7, 6, 7, 6, 7, 6, 7, 6]
Ground Truth: [2487, 4977, 15, 2372, 226, 241, 360, 37, 250, 674, 0, 0, 0, 0, 0, 0, 0, 0, 0, 0, 0, 0, 0, 0, 0, 0, 0, 0, 0, 0, 0]
==================================================
Step 1 (train) - 0.3697
Prediction: [2487, 4977, 15, 2372, 226, 241, 360, 37, 250, 674, 6, 7, 6, 7, 6, 7, 6, 1765, 6, 7, 6, 7, 6, 7, 6, 7, 6, 7, 6, 7, 6, 7, 6, 7, 6, 7, 6, 7, 6, 7, 6, 7, 6, 7, 6, 7, 6, 7, 6, 7, 6]
Ground Truth: [2487, 4977, 15, 2372, 226, 241, 360, 37, 250, 674, 0, 0, 0, 0, 0, 0, 0, 0, 0, 0, 0, 0, 0, 0, 0, 0, 0, 0, 0, 0, 0, 0, 0, 0, 0, 0, 0, 0, 0, 0, 0, 0, 0, 0, 0]
==================================================
Step 2 (train) - 0.8406
Prediction: [7, 127, 4976, 197, 37, 155, 85, 251, 225, 608, 4985, 1001, 70, 6, 1854, 4817, 1271, 24, 481, 6, 7, 6, 7, 6, 7, 6, 7, 6, 7, 6, 7, 6, 1324, 7, 6, 7, 6, 7, 6, 7, 6, 7, 6, 7, 6, 7, 6, 7, 6, 7, 6]
Ground Truth: [7, 127, 4976, 197, 37, 155, 85, 251, 4983, 225, 163, 608, 4985, 596, 1001, 70, 6, 1854, 4817, 1271, 24, 481, 0, 0, 0, 0, 0, 0, 0, 0, 0]
==================================================
Step 1 (train) - 0.3006
Prediction: [6, 1854, 3954, 72, 3817, 64, 2463, 37, 85, 1502, 6, 7, 6, 7, 6, 7, 6, 7, 6, 7, 6, 7, 6, 7, 6]
Ground Truth: [6, 1854, 3954, 72, 3817, 64, 2463, 37, 85, 1502, 0, 0, 0, 0, 0, 0, 0, 0, 0, 0, 0, 0, 0, 0]
==================================================
Step 2 (train) - 0.8519
Prediction: [98, 468, 130, 93, 165, 1249, 6, 457, 2378, 1721, 34, 4066, 173, 460, 1593, 424, 1845, 76, 481, 261, 2658, 24, 3513, 4980]
Ground Truth: [98, 468, 130, 93, 165, 455, 1249, 30, 6, 457, 2378, 1423, 1721, 34, 43, 4066, 173, 43, 460, 1703, 1593, 424, 30, 1845, 76, 481, 261, 2658, 24, 3513, 1324, 0, 0, 0, 0, 0, 0, 0, 0, 0, 0, 0, 0, 0, 0]
==================================================
Step 1 (train) - 0.4307
Prediction: [2619, 1066, 2547, 144, 476, 86, 2334, 74, 68, 360, 707, 1765, 6, 7, 6, 1324, 6, 1324, 6, 1324, 6, 7, 6, 7, 6, 7, 6, 1324, 6, 7, 6, 7]
Ground Truth: [2619, 1066, 2547, 144, 476, 86, 2334, 74, 68, 360, 707, 1765, 0, 0, 0, 0, 0, 0, 0, 0, 0, 0, 0, 0, 0, 0, 0, 0, 0, 0, 0]
==================================================
Step 2 (train) - 0.5962
Prediction: [3492, 58, 272, 68, 85, 4175, 2222, 62, 1977, 124, 6, 1324, 6, 7, 6, 7, 6, 7, 6, 1765, 6, 1324, 6, 7, 6, 1765, 6, 7, 6, 1765, 6, 7, 6, 7, 6, 1324, 6]
Ground Truth: [3492, 58, 272, 68, 85, 4175, 2222, 62, 1977, 124, 0, 0, 0, 0, 0, 0, 0, 0, 0, 0, 0, 0, 0, 0, 0, 0, 0, 0, 0, 0, 0, 0, 0, 0, 0, 0, 0, 0, 0, 0, 0, 0, 0, 0, 0]
==================================================
Step 1 (train) - 0.5886
Prediction: [98, 468, 130, 93, 455, 30, 6, 457, 2378, 1423, 1721, 34, 43, 460, 1593, 30, 1845, 76, 481, 2658, 24, 3513, 1324]
Ground Truth: [98, 468, 130, 93, 165, 455, 1249, 30, 6, 457, 2378, 1423, 1721, 34, 43, 4066, 173, 43, 460, 1703, 1593, 424, 30, 1845, 76, 481, 261, 2658, 24, 3513, 1324, 0, 0, 0, 0, 0, 0, 0, 0, 0, 0, 0, 0, 0, 0]
==================================================
Step 2 (train) - 0.3512
Prediction: [397, 1416, 707, 4988, 119, 7, 2090, 4230, 202, 434, 151, 361, 191, 985, 4925, 2327, 24, 280, 52, 892, 4980, 6, 1324, 6, 1324, 6, 7, 6, 1324, 6, 7, 6, 7, 6, 7, 6, 7, 6, 7, 1324, 6, 7, 6, 7, 6, 7, 6, 7, 6, 1324, 6, 7, 6, 7, 6, 1765, 6, 1765, 6, 1324, 6]
Ground Truth: [397, 1416, 707, 4988, 119, 7, 2090, 4230, 202, 434, 151, 361, 27, 191, 7, 985, 4925, 2327, 24, 7, 280, 52, 892, 4980, 0, 0, 0, 0, 0]
==================================================
Step 1 (train) - 0.5505
Prediction: [7, 32, 713, 434, 1113, 244, 4520, 299, 7, 308, 435, 25, 1830, 157, 919, 2002, 712, 1338, 27, 30, 3039, 3511, 256, 3292, 1481, 3384]
Ground Truth: [7, 32, 713, 434, 1113, 244, 4520, 299, 7, 29, 308, 435, 25, 600, 1830, 157, 919, 30, 2002, 712, 1001, 1338, 27, 30, 3039, 3511, 256, 3292, 1481, 3384, 0, 0, 0, 0, 0, 0, 0, 0, 0, 0, 0, 0, 0, 0, 0]
==================================================
Step 2 (train) - 0.2802
Prediction: [7, 2274, 517, 3559, 27, 43, 3731, 7, 997, 7, 997, 24, 114, 41, 3183, 266, 299, 7, 2237, 34, 3590, 573, 2028, 76, 1593, 843, 6, 1765, 6, 7, 6, 7, 1765, 6, 7, 6, 7, 6, 1765, 6, 7, 6, 7, 6, 843, 6, 1765, 6, 1765, 6, 7, 6]
Ground Truth: [7, 2274, 517, 3559, 27, 43, 3731, 7, 997, 7, 997, 24, 114, 41, 3183, 137, 266, 221, 299, 7, 2237, 3590, 34, 2696, 573, 2028, 76, 1593, 843, 0, 0]
==================================================
Step 1 (train) - 0.5804
Prediction: [2619, 1066, 2547, 144, 476, 86, 2334, 74, 68, 360, 707, 1765, 1324, 6, 1324, 6, 1324, 6, 1765, 7, 6, 1324, 6, 7, 6, 7, 1324, 6, 1324, 6, 7, 6, 1324, 6, 1324, 7, 6, 7, 6, 7, 1324, 6, 1324, 6, 1765, 6, 7, 6, 1324, 6, 1324, 7, 6, 7, 6, 1324, 6, 1765, 7, 6, 1765, 7, 6, 7, 6, 7, 1324, 6, 7, 6, 1324, 6, 7, 6, 1324, 6, 1765, 6, 7, 6, 1324, 6, 1324, 6, 1324, 6, 1324, 6, 1765, 6, 1765, 6, 7, 6, 7, 6, 1324, 6, 1324, 6, 7, 1324, 6, 1324, 6, 7, 6, 7, 6, 7, 6, 1324, 6, 1324, 6]
Ground Truth: [2619, 1066, 2547, 144, 476, 86, 2334, 74, 68, 360, 707, 1765, 0, 0, 0, 0, 0, 0, 0, 0, 0, 0, 0, 0, 0, 0, 0, 0, 0, 0, 0, 0, 0, 0, 0, 0, 0, 0, 0, 0, 0, 0, 0, 0, 0]
==================================================
Step 2 (train) - 0.3323
Prediction: [2487, 4977, 15, 2372, 226, 241, 360, 37, 250, 674, 1324, 6, 1324, 6, 7, 6, 7, 1324, 7, 1324, 6, 1324, 7, 1324, 7, 6, 1324, 6, 7, 6, 1324, 6, 843, 6, 7, 6, 1324, 6, 1765, 1324, 6, 1324, 6, 1324, 6, 7, 6, 1324, 6, 1324, 7, 6, 7, 6, 7, 6, 1765, 1324, 7, 6, 1324, 7, 6, 1324, 6, 7, 6, 1765, 6, 1324, 7, 6, 7, 6, 1765, 1324, 6, 1324, 6, 7, 6, 7, 6, 1324, 6, 1324, 6, 7, 6, 1324, 6, 1324, 6, 1324, 6, 7, 6, 1324, 6, 1324, 6, 1324, 6, 7, 1324, 6, 7, 6, 1324, 6, 1765, 6, 7, 1324, 6, 1324, 6, 7, 1324, 6, 7, 1324, 6, 1324, 6, 7, 1324, 6, 7, 6, 7, 1324, 6, 1324, 6, 7, 6, 7, 6, 1324, 1765, 6, 7, 1324, 7, 6, 7, 6, 7, 6, 7, 1324, 7, 6, 1324, 6, 1324, 6, 7, 6, 1324, 6, 7, 6, 7, 1324, 7, 6, 7, 6, 1324, 6, 1324, 6, 7, 6, 1324, 6]
Ground Truth: [2487, 4977, 15, 2372, 226, 241, 360, 37, 250, 674, 0, 0, 0, 0, 0, 0, 0, 0, 0, 0, 0, 0, 0, 0, 0, 0, 0, 0, 0, 0]
==================================================
Step 1 (train) - 0.3635
Prediction: [98, 468, 130, 93, 165, 455, 1249, 6, 457, 2378, 1423, 1721, 34, 43, 173, 460, 424, 1845, 76, 261, 2658, 24, 3513, 1324]
Ground Truth: [98, 468, 130, 93, 165, 455, 1249, 30, 6, 457, 2378, 1423, 1721, 34, 43, 4066, 173, 43, 460, 1703, 1593, 424, 30, 1845, 76, 481, 261, 2658, 24, 3513, 1324]
==================================================
Step 2 (train) - 0.5634
Prediction: [3492, 58, 272, 68, 85, 4175, 2222, 62, 1977, 124, 6, 1324, 6, 7, 1324, 6, 7, 1324, 7, 6, 7, 6, 1324, 7, 6, 7, 6, 843, 6, 7, 6, 1324, 6, 1324, 7, 6, 843, 6, 1324, 6, 7, 6, 7, 6, 1324, 6, 7, 1765, 1324, 6, 7, 6, 1324, 6, 7, 6, 7, 1324, 6, 1765, 6, 7, 6, 7, 6, 1324, 7, 6, 1324, 7, 1324, 7, 1324, 6, 843, 6, 7, 843, 6, 7, 1324, 6, 1324, 6, 1324, 6, 1324, 7, 6, 1324, 7, 6, 7, 1324, 6, 1324, 6, 7, 6, 1324, 6, 1324, 6, 1324, 6, 7, 6, 7, 1324, 7, 6, 7, 1324, 7, 1324, 6, 7, 6, 1324, 7, 6, 7, 6, 1324, 6, 7, 1324, 6, 7, 6, 1324, 6, 1765, 6, 1324, 6, 7, 6, 1765, 6, 7, 6, 843, 7, 1324, 6, 7, 6, 1324, 6, 843, 6, 1324, 6, 1324, 6, 7, 6, 1324, 6, 7, 1765, 7, 6, 7, 1765, 1324, 7, 6, 7, 6, 7, 1324, 6, 7, 1324, 7, 6, 1324, 6, 7, 1324, 6, 1324, 6, 1324, 7, 1324, 7, 1324, 6, 1324, 7, 6, 1324, 6, 7, 1324, 6, 1324, 6, 1324, 6, 7, 1324, 6, 7, 6, 7, 1324, 7, 6, 7, 1324, 6, 7, 6, 7, 6, 1324, 6, 7, 6, 7, 6]
Ground Truth: [3492, 58, 272, 68, 85, 4175, 2222, 62, 1977, 124, 0, 0, 0, 0, 0, 0, 0, 0, 0, 0, 0, 0, 0, 0, 0, 0, 0, 0, 0, 0, 0, 0, 0, 0, 0, 0, 0, 0, 0, 0, 0, 0, 0, 0, 0]
==================================================
Step 1 (train) - 0.2432
Prediction: [3492, 58, 272, 68, 85, 4175, 2222, 62, 1977, 124, 7, 1324, 6, 1324, 843, 7, 1324, 7, 6, 1324, 7, 6, 7, 1324, 7, 1324, 7, 6, 843, 6, 7, 6, 1324, 6, 1324, 6, 1324, 6, 843, 6, 7, 1324, 6, 7, 6, 1324, 7, 6, 7, 1324, 1765, 6, 1324, 7, 1324, 7, 6, 1324, 6, 7, 1324, 7, 1324, 6, 7, 1324, 7, 6, 7, 843, 6, 1324, 7, 6, 7, 6, 1324, 6, 1324, 7, 6, 7, 6, 7, 6, 1324, 7, 6, 7, 6, 1324, 7, 1324, 6, 7, 1324, 6, 1324, 6, 7, 6, 1324, 6, 7, 6, 7, 843, 6, 1324, 6, 7, 6, 1324, 6, 1324, 6, 7, 6, 7, 1324, 7, 6, 1324, 6, 7, 6, 1324, 6, 7, 6, 1324, 1765, 843, 6, 7, 6, 1324, 6, 1324, 1765, 7, 6, 7, 6, 843, 1324, 6, 7, 6, 7, 6, 7, 6, 7, 6, 1324, 6, 1324, 7, 1324, 6, 1324, 6, 1324, 843, 6, 7, 6, 1324, 6, 7, 6, 7, 6, 7, 6, 1324, 843, 1324, 6, 7, 6, 7, 1324, 6, 1324, 843, 1324, 6, 7, 6, 1324, 7, 6, 7, 6, 1324, 6, 7, 6, 1324, 7, 1324, 843, 6, 1324, 7, 1324, 7, 1324, 7, 6, 1324, 6, 7, 1324, 6, 7, 6, 1324, 6, 7, 6, 7, 6, 7, 1324, 6, 7, 1324, 7, 6, 7, 1765, 6, 7, 6, 1324, 6, 1324, 6, 1324, 1765, 6, 7, 6, 7, 1324, 7, 6]
Ground Truth: [3492, 58, 272, 68, 85, 4175, 2222, 62, 1977, 124, 0, 0, 0, 0, 0, 0, 0, 0, 0, 0, 0, 0, 0, 0, 0, 0, 0, 0, 0, 0, 0]
==================================================
Step 2 (train) - 0.6134
Prediction: [7, 2274, 517, 3559, 27, 43, 3731, 7, 997, 24, 41, 137, 266, 221, 7, 3590, 7, 2696, 34, 2696, 573, 1593, 843, 6, 7, 1324, 6, 7, 1324, 7, 6, 7, 1324, 6, 1324, 6, 7, 1324, 6, 7, 1324, 6, 7, 6, 7, 6, 7, 1765, 1324, 843, 7]
Ground Truth: [7, 2274, 517, 3559, 27, 43, 3731, 7, 997, 7, 997, 24, 114, 41, 3183, 137, 266, 221, 299, 7, 2237, 3590, 34, 2696, 573, 2028, 76, 1593, 843, 0, 0, 0, 0, 0, 0, 0, 0, 0, 0, 0, 0, 0, 0, 0, 0]
==================================================
Step 1 (train) - 0.4171
Prediction: [397, 1416, 707, 4988, 119, 7, 2090, 4230, 202, 434, 151, 361, 191, 7, 985, 4925, 2327, 24, 7, 280, 52, 892, 4980, 1324, 6, 7, 6, 1324, 843, 6, 1324, 6, 1324, 6, 7, 1765, 7, 6, 1324, 6, 1324, 6, 7, 6, 1324, 6, 7, 6, 1324, 7, 6, 1324, 7, 6, 1324, 6, 7, 6, 7, 6, 1324, 6, 1324, 7, 6, 1324, 6, 1324, 6, 7, 6, 1324, 7, 6, 7, 6, 1324, 7, 6, 1324, 6, 1324, 6, 7, 6, 843, 1765, 6, 843, 6, 7, 843, 6, 7, 6, 1324, 7, 6, 1324, 7, 1324, 7, 1324, 6, 1324, 7, 1324, 6, 1324, 7, 6, 1324, 6, 7, 1324, 6, 7, 6, 1324, 6, 7, 1324, 7, 6, 7, 6, 7, 843, 6, 1324, 7, 6, 1324, 6, 7, 1324]
Ground Truth: [397, 1416, 707, 4988, 119, 7, 2090, 4230, 202, 434, 151, 361, 27, 191, 7, 985, 4925, 2327, 24, 7, 280, 52, 892, 4980, 0, 0, 0, 0, 0, 0, 0, 0, 0, 0, 0, 0, 0, 0, 0, 0, 0, 0, 0, 0, 0]
==================================================
Step 2 (train) - 0.3258
Prediction: [7, 2274, 517, 3559, 27, 43, 3731, 7, 997, 24, 41, 3183, 137, 266, 221, 7, 2237, 2696, 2028, 1593, 843, 6, 843, 6, 1324, 6, 7, 6, 1324, 6, 7, 6, 1324, 7, 6, 7, 6, 1324, 6, 843, 1324, 6, 1324, 6, 1324, 7, 1324, 7, 6, 1324]
Ground Truth: [7, 2274, 517, 3559, 27, 43, 3731, 7, 997, 7, 997, 24, 114, 41, 3183, 137, 266, 221, 299, 7, 2237, 3590, 34, 2696, 573, 2028, 76, 1593, 843, 0, 0]
==================================================
Step 1 (train) - 0.3135
Prediction: [98, 468, 130, 93, 165, 455, 1249, 30, 6, 2378, 1423, 34, 4066, 43, 1703, 424, 30, 76, 481, 261, 2658, 24, 3513, 1324]
Ground Truth: [98, 468, 130, 93, 165, 455, 1249, 30, 6, 457, 2378, 1423, 1721, 34, 43, 4066, 173, 43, 460, 1703, 1593, 424, 30, 1845, 76, 481, 261, 2658, 24, 3513, 1324]
==================================================
Step 1 (train) - 120.9167
Prediction: [4127, 515, 875, 2039, 2926, 2159, 443, 2039, 1141, 3676, 14, 4151, 3590, 2659, 842, 1716, 2934, 463, 1790, 556, 1134, 3336, 556, 4579, 3927, 4866, 1507, 496, 4525, 1698, 4750, 4443, 1090, 463, 2987, 1090, 979, 303, 2479, 1169, 3258, 4765, 4418, 118, 4579, 2641, 2413, 3857, 4625, 1887, 4275, 4210, 4579, 2610, 303, 4418, 4554, 4766, 1141, 1095, 303, 443, 1507, 2659, 4766, 904, 4210, 3014, 857, 2554, 4579, 1779, 2327, 4418, 4579, 3140, 3014, 1847, 1223, 4579, 4757, 4579, 3846, 4418, 4579, 4554, 1003, 4769, 1003, 1956, 2056, 2480, 757, 1231, 2480, 3624, 4853, 303, 4418, 691, 4418, 1447, 4418, 1003, 4418, 1003, 4928, 4418, 2676, 691, 364, 3682, 4418, 2339, 1283, 842, 2149, 4554, 638, 842, 4068, 1141, 4707, 556, 691, 556, 616, 691, 556, 691, 1134, 556, 691, 3945]
Ground Truth: [3492, 58, 272, 68, 85, 4175, 2222, 62, 1977, 124, 0, 0, 0, 0, 0, 0, 0, 0, 0, 0, 0, 0, 0, 0, 0, 0, 0, 0, 0, 0, 0, 0, 0, 0, 0, 0, 0, 0, 0, 0, 0, 0, 0, 0, 0]
==================================================
Step 2 (train) - 31.1625
Prediction: [517, 517, 46, 30, 517, 46, 517, 30, 46, 30, 46, 30, 517, 30, 517, 46, 30, 46, 30, 46, 30, 85, 46, 30, 46, 517, 30, 46, 30, 46, 517, 46, 30, 46, 517, 30, 46, 30, 46, 517, 30, 46, 30, 517, 46, 30, 46, 517, 46, 4980, 46, 30, 46, 517, 46, 517, 30, 517, 30, 46, 517, 46, 30, 517, 46, 30, 85, 517, 46, 30, 46, 30, 517, 46, 30, 517, 30, 517, 46, 517, 46, 517, 46, 517, 30, 46, 30, 46, 30, 517, 46, 30, 46, 85, 46, 4980, 46, 517, 46, 30, 517, 46, 517, 46, 517, 46, 85, 30, 517, 46, 30, 46, 30, 46, 30, 517, 46, 30, 517, 46, 30, 517, 30, 517, 46, 517, 4980]
Ground Truth: [7, 127, 4976, 197, 37, 155, 85, 251, 4983, 225, 163, 608, 4985, 596, 1001, 70, 6, 1854, 4817, 1271, 24, 481, 0, 0, 0, 0, 0, 0, 0, 0, 0]
==================================================
Step 1 (train) - 7.6568
Prediction: []
Ground Truth: [7, 127, 4976, 197, 37, 155, 85, 251, 4983, 225, 163, 608, 4985, 596, 1001, 70, 6, 1854, 4817, 1271, 24, 481, 0, 0, 0, 0, 0, 0, 0, 0, 0]
==================================================
Step 2 (train) - 102.9598
Prediction: [266, 997, 7, 434, 191, 7, 997, 266, 2090, 3559, 21, 2090, 191, 21, 434, 7, 191, 137, 191, 2090, 191, 4925, 191, 4230, 191, 137, 2090, 221, 137, 191, 7, 191, 137, 7, 191, 3559, 4925, 7, 137, 266, 137, 191, 3559, 434, 191, 3559, 191, 3559, 137, 266, 7, 22, 137, 191, 7, 137, 2090, 707, 221, 2090, 7, 434, 137, 3559, 434, 2090, 191, 221, 191, 221, 3559, 7, 256, 27, 3559, 21, 7, 137, 3559, 1064, 7, 27, 434, 7, 3559, 191, 221, 7, 221, 137, 7, 434, 7, 221, 3559, 221, 3559, 191, 7, 3559, 221, 7, 221, 7, 27, 221, 7, 3559, 7, 85, 85, 85, 85, 85, 85, 85, 85, 85, 85, 85]
Ground Truth: [2487, 4977, 15, 2372, 226, 241, 360, 37, 250, 674, 0, 0, 0, 0, 0, 0, 0, 0, 0, 0, 0, 0, 0, 0, 0, 0, 0, 0, 0, 0, 0, 0, 0, 0, 0, 0, 0, 0, 0, 0, 0, 0, 0, 0, 0]
==================================================
Step 1 (train) - 19.5446
Prediction: [85]
Ground Truth: [43, 759, 23, 191, 202, 46, 80, 617, 76, 2298, 475, 4905, 27, 546, 4982, 2741, 27, 280, 4985, 803, 3279, 21, 2390, 27, 2182, 2450, 1800, 4420, 30, 46, 1064, 350, 239, 37, 2574, 367, 132, 285, 330, 225, 22, 856, 733, 134, 4899]
==================================================
Step 2 (train) - 6.1562
Prediction: [85, 85, 85, 30, 85, 85, 85, 85, 85, 85, 85, 85, 85, 85, 85, 85, 85, 30, 85, 85, 30, 85, 85, 85, 85, 85, 85, 85, 85, 85, 85]
Ground Truth: [397, 1416, 707, 4988, 119, 7, 2090, 4230, 202, 434, 151, 361, 27, 191, 7, 985, 4925, 2327, 24, 7, 280, 52, 892, 4980, 0, 0, 0, 0, 0, 0, 0]
==================================================
Step 1 (train) - 5.8246
Prediction: []
Ground Truth: [2619, 1066, 2547, 144, 476, 86, 2334, 74, 68, 360, 707, 1765, 0, 0, 0, 0, 0, 0, 0, 0, 0, 0, 0, 0, 0, 0, 0, 0, 0, 0, 0, 0, 0, 0, 0, 0, 0, 0, 0, 0, 0, 0, 0, 0, 0]
==================================================
Step 2 (train) - 5.9810
Prediction: []
Ground Truth: [7, 127, 4976, 197, 37, 155, 85, 251, 4983, 225, 163, 608, 4985, 596, 1001, 70, 6, 1854, 4817, 1271, 24, 481, 0, 0, 0, 0, 0, 0, 0, 0, 0]
==================================================
Step 1 (train) - 4.7812
Prediction: []
Ground Truth: [6, 1854, 3954, 72, 3817, 64, 2463, 37, 85, 1502, 0, 0, 0, 0, 0, 0, 0, 0, 0, 0, 0, 0, 0, 0, 0, 0, 0, 0, 0, 0]
==================================================
Step 2 (train) - 6.2981
Prediction: []
Ground Truth: [2487, 4977, 15, 2372, 226, 241, 360, 37, 250, 674, 0, 0, 0, 0, 0, 0, 0, 0, 0, 0, 0, 0, 0, 0, 0, 0, 0, 0, 0, 0, 0, 0, 0, 0, 0, 0, 0, 0, 0, 0, 0, 0, 0, 0, 0]
==================================================
Step 1 (train) - 5.2905
Prediction: []
Ground Truth: [3492, 58, 272, 68, 85, 4175, 2222, 62, 1977, 124, 0, 0, 0, 0, 0, 0, 0, 0, 0, 0, 0, 0, 0, 0, 0, 0, 0, 0, 0, 0, 0, 0, 0, 0, 0, 0, 0, 0, 0, 0, 0, 0, 0, 0, 0]
==================================================
Step 2 (train) - 5.6116
Prediction: []
Ground Truth: [98, 468, 130, 93, 165, 455, 1249, 30, 6, 457, 2378, 1423, 1721, 34, 43, 4066, 173, 43, 460, 1703, 1593, 424, 30, 1845, 76, 481, 261, 2658, 24, 3513, 1324]
==================================================
Step 1 (train) - 5.6384
Prediction: [30, 30]
Ground Truth: [43, 759, 23, 191, 202, 46, 80, 617, 76, 2298, 475, 4905, 27, 546, 4982, 2741, 27, 280, 4985, 803, 3279, 21, 2390, 27, 2182, 2450, 1800, 4420, 30, 46, 1064, 350, 239, 37, 2574, 367, 132, 285, 330, 225, 22, 856, 733, 134, 4899]
==================================================
Step 2 (train) - 5.7528
Prediction: [30, 30, 30, 30, 30, 30, 30, 30]
Ground Truth: [7, 2274, 517, 3559, 27, 43, 3731, 7, 997, 7, 997, 24, 114, 41, 3183, 137, 266, 221, 299, 7, 2237, 3590, 34, 2696, 573, 2028, 76, 1593, 843, 0]
==================================================
Step 1 (train) - 5.6690
Prediction: []
Ground Truth: [98, 468, 130, 93, 165, 455, 1249, 30, 6, 457, 2378, 1423, 1721, 34, 43, 4066, 173, 43, 460, 1703, 1593, 424, 30, 1845, 76, 481, 261, 2658, 24, 3513, 1324]
==================================================
Step 2 (train) - 5.8740
Prediction: []
Ground Truth: [43, 759, 23, 191, 202, 46, 80, 617, 76, 2298, 475, 4905, 27, 546, 4982, 2741, 27, 280, 4985, 803, 3279, 21, 2390, 27, 2182, 2450, 1800, 4420, 30, 46, 1064, 350, 239, 37, 2574, 367, 132, 285, 330, 225, 22, 856, 733, 134, 4899]
==================================================
Step 1 (train) - 5.8419
Prediction: [30, 266, 30, 266, 30, 1338, 30, 1338, 30, 1338, 30, 1338, 30, 1338, 30, 1338, 30, 1338, 30, 1338, 30, 1338, 30, 1338, 30, 1338, 30, 1338, 30]
Ground Truth: [2619, 1066, 2547, 144, 476, 86, 2334, 74, 68, 360, 707, 1765, 0, 0, 0, 0, 0, 0, 0, 0, 0, 0, 0, 0, 0, 0, 0, 0, 0]
==================================================
Step 2 (train) - 6.2299
Prediction: []
Ground Truth: [98, 468, 130, 93, 165, 455, 1249, 30, 6, 457, 2378, 1423, 1721, 34, 43, 4066, 173, 43, 460, 1703, 1593, 424, 30, 1845, 76, 481, 261, 2658, 24, 3513, 1324, 0, 0, 0, 0, 0, 0, 0, 0, 0, 0, 0, 0, 0, 0]
==================================================
Step 1 (train) - 5.7602
Prediction: [30, 1338, 30, 1338, 30, 1338, 30, 266, 30, 1338, 30, 1338, 30, 1338, 30, 1338, 30, 1338, 30, 1338, 30, 1338, 30, 1338, 30, 1338, 30, 1338, 30, 1338, 30, 1338, 30, 1338, 30, 1338, 30, 1338, 30, 1338, 30, 1338, 30, 1338, 30, 1338, 30, 1338, 30, 1338, 30, 1338, 30, 1338, 30, 1338, 30, 1338, 30, 25, 1338, 30, 1338, 30, 1338, 30, 1338, 30, 1338, 30, 1338, 30, 1338, 30, 1338, 30, 1338, 30, 1338, 30, 1338, 30, 1338, 30, 1338, 30, 1338, 30, 1338, 30, 1338, 266, 30, 1338, 30, 1338, 30, 1338, 30, 1338, 30, 1338, 30, 1338, 30, 1338, 30, 1338, 30, 1338, 30, 1338, 30, 1338, 30, 1338, 30, 1338, 30, 1338, 30, 1338, 30, 1338, 30, 1338, 30, 1338, 30, 1338, 30, 1338, 30, 25, 1338, 30, 1338, 30, 1338, 30, 1338, 30, 1338, 30, 1338, 30, 1338, 30, 1338, 30, 1338, 30, 1338, 30, 1338, 30, 1338, 30, 1338, 30, 266, 30, 1338, 30, 1338, 30, 1338, 30, 1338, 30]
Ground Truth: [2487, 4977, 15, 2372, 226, 241, 360, 37, 250, 674, 0, 0, 0, 0, 0, 0, 0, 0, 0, 0, 0, 0, 0, 0, 0, 0, 0, 0, 0, 0, 0, 0, 0, 0, 0, 0, 0, 0, 0, 0, 0, 0, 0, 0, 0]
==================================================
Step 2 (train) - 5.8855
Prediction: [30, 266, 1338, 30, 1338, 30, 1338, 30, 1338, 30, 1338, 30, 25, 30, 1338, 30, 1338, 30, 1338, 30, 1338, 30, 1338, 30, 1338, 30, 1338, 30, 1338, 30, 1338, 30, 1338, 30, 1338, 30, 1338, 30, 266, 30, 1338, 30, 1338, 30, 1338, 30, 1338, 30, 1338, 30, 1338, 30, 1338, 30, 1338, 30, 1338, 30, 1338, 30, 1338, 30, 1338, 30, 1338, 30, 1338, 30, 1338, 1001, 30, 1338, 30, 1338, 30, 1338, 30, 1338, 30, 1338, 30, 1338, 30, 1338, 30, 1338, 30, 1338, 30, 1338, 30, 1338, 30, 1338, 30, 266, 30, 1338, 30, 1338, 30, 1338, 30, 1338, 30, 1338, 30, 1338, 30, 1338, 30, 1338, 30, 1338, 30]
Ground Truth: [6, 1854, 3954, 72, 3817, 64, 2463, 37, 85, 1502, 0, 0, 0, 0, 0, 0, 0, 0, 0, 0, 0, 0, 0, 0, 0, 0, 0, 0, 0, 0]
==================================================
Step 1 (train) - 5.7653
Prediction: [266, 30, 1338, 30, 1338, 30, 1338, 30, 1338, 30, 1338, 30, 1001, 1338, 30, 1001, 30, 1338, 30, 1338, 30, 1338, 30, 1338, 30, 1338, 30, 25, 30, 1338, 30, 1338, 1001, 30, 1338, 30, 1338, 30, 1338, 30, 266, 30, 1001, 30, 1338, 30, 25, 30, 1338, 30, 1338, 30, 1338, 30, 1338, 30, 1338, 30, 1338, 30, 1338, 30, 1338, 30, 1338, 30, 1338, 30, 1338, 30, 1338, 30, 435, 30, 1338, 30, 1338, 30, 1338, 30, 1338, 30, 1338, 30, 1338, 30, 1338, 30, 1338, 30, 1001, 1338, 30, 1338, 435, 1001, 30, 1338, 30, 1338, 30, 1338, 30, 1338, 30, 1001, 30, 1338, 30, 1338, 30, 1001, 30, 1338, 30, 1338, 30, 266, 30, 1338, 30, 1001, 30, 1338, 30, 1338, 30, 1338, 30, 1338, 30, 266, 30, 1338, 30, 1338, 30, 1338, 30, 1338, 30, 1001, 1338, 30, 1338, 1001, 30, 712, 30, 1001, 30, 1338, 30, 1338, 30, 1338, 30, 1338, 30, 1338, 30, 1338, 30, 1338, 30, 1338, 30, 1338]
Ground Truth: [2487, 4977, 15, 2372, 226, 241, 360, 37, 250, 674, 0, 0, 0, 0, 0, 0, 0, 0, 0, 0, 0, 0, 0, 0, 0, 0, 0, 0, 0, 0, 0, 0, 0, 0, 0, 0, 0, 0, 0, 0, 0, 0, 0, 0, 0]
==================================================
Step 2 (train) - 5.5066
Prediction: []
Ground Truth: [98, 468, 130, 93, 165, 455, 1249, 30, 6, 457, 2378, 1423, 1721, 34, 43, 4066, 173, 43, 460, 1703, 1593, 424, 30, 1845, 76, 481, 261, 2658, 24, 3513, 1324]
==================================================
Step 1 (train) - 5.3380
Prediction: [1338, 30, 3817, 1338, 30, 1423, 1338, 712, 30, 1338, 30, 3817, 1423, 30, 1338, 266, 1338, 266, 30, 1338, 30, 1001, 1338, 30, 52, 30, 1001, 30, 712, 30, 1338, 30, 1338, 30, 1001, 712, 1338, 30, 1001, 1338, 30, 1338, 30, 266, 1338, 30, 1338, 266, 1338, 30, 1338, 3817, 1001, 1338, 1423, 1338, 266, 1338, 266, 1338, 266, 1338, 30, 1338, 30, 1001, 266, 30, 1338, 30, 1338, 30, 266, 30, 1001, 1423, 1338, 30, 1338, 30, 1338, 30, 3817, 30, 1001, 1338, 30, 1338, 266, 1338, 266, 1001, 712, 1338, 30, 1338, 30, 1338, 30, 266, 30, 1338, 30, 1338, 1001, 1338, 30, 266, 1001, 266, 712, 1338, 52, 1338, 3817, 1338, 30, 1338, 52, 30, 1338, 30, 1338, 3817, 1338, 30, 1338, 30, 1423, 30, 1338, 30, 266, 30, 266, 1338, 30, 1338, 30, 1338, 30, 1338, 30, 1338, 30, 1338, 1001, 1338, 30, 1338, 30, 1001, 30, 1338, 30, 712, 30, 25, 1001, 52, 1001, 25, 1338, 30, 1338, 30, 3817, 30, 3817, 1338, 30, 435, 1338, 30, 1338, 30, 1338, 30, 1001, 30, 1001, 712, 1338, 30, 1338, 30, 1338, 1001, 30, 1338, 30, 1338, 30, 1338, 30, 1338, 30, 25, 1338, 266, 30, 1338, 30, 1001, 30, 3817, 1338, 30, 1338, 30, 1338, 1001, 30, 266, 30]
Ground Truth: [3492, 58, 272, 68, 85, 4175, 2222, 62, 1977, 124, 0, 0, 0, 0, 0, 0, 0, 0, 0, 0, 0, 0, 0, 0, 0, 0, 0, 0, 0]
==================================================
Step 2 (train) - 5.6615
Prediction: [2890, 1338, 52, 2214, 1337, 2214, 266, 712, 1338, 2890, 2214, 2890, 52, 266, 2890, 52, 1338, 2890, 52, 1001, 2214, 2890, 3318, 1337, 1338, 2214, 1338, 2890, 30, 2774, 52, 1338, 52, 2890, 2774, 266, 30, 2890, 266, 2890, 1338, 30, 266, 1338, 2601, 266, 2890, 1338, 52, 1338, 2214, 1338, 52, 2214, 2890, 3500, 1338, 52, 2890, 1559, 266, 52, 266, 3500, 30, 1338, 52, 2214, 1338, 2890, 1337, 1338, 2214, 2890, 2214, 1338, 2890, 266, 1338, 2890, 3500, 30, 2890, 52, 25, 2890, 1338, 2890, 1338, 2890, 30, 266, 1338, 30, 52, 1338, 2214, 2890, 2214, 266, 3817, 2890, 3457, 1338, 3500, 1338, 2214, 2890, 1338, 2214, 1338, 1337, 1338, 30, 266, 2214, 2890, 30, 2890, 266, 1337, 2890, 30, 2890, 52, 30, 2214, 2890, 1338, 30, 52, 30, 1338, 2890, 266, 30, 2214, 266, 30, 52, 2890, 52, 1559, 52, 2890, 52, 1559, 1338, 52, 712, 2214, 2890, 1338, 1423, 2890, 1338, 2890, 52, 2214, 1338, 3817, 2890, 2214, 1338, 3500, 2890, 1742, 1338, 2214, 2890, 3500, 2890, 1338, 266, 2890, 30, 1338, 30, 2890, 1338, 712, 2890, 266, 2890, 1001, 2890, 266, 1338, 3500, 2890, 1001, 2890, 3500, 2890, 2293, 2890, 30, 1338, 3817, 2293, 30, 266, 52, 712, 1338, 2890, 1338, 266, 30, 2890, 2214, 2601, 30, 266, 1001, 30, 1001, 2890, 266, 2890, 52, 1338, 266, 52, 1338, 30, 2890, 52, 2890, 52, 1001, 1423, 52, 266, 30, 52, 30, 2890, 30, 3733]
Ground Truth: [2619, 1066, 2547, 144, 476, 86, 2334, 74, 68, 360, 707, 1765, 0, 0, 0, 0, 0, 0, 0, 0, 0, 0, 0, 0, 0, 0, 0, 0, 0, 0, 0, 0, 0, 0, 0, 0, 0, 0, 0, 0, 0, 0, 0, 0, 0]
==================================================
Step 1 (train) - 5.1064
Prediction: [2601, 2631, 3500, 2890, 3500, 1559, 2890, 1742, 2601, 2890, 2214, 2890, 2445, 2890, 2214, 2470, 3457, 1742, 3500, 2890, 2601, 2214, 1480, 2445, 2890, 2774, 2214, 2890, 2214, 1337, 2214, 3500, 2890, 2214, 1337, 2445, 2890, 2774, 2890, 2214, 2445, 1559, 3500, 2890, 3733, 1480, 2890, 3500, 2214, 2601, 2774, 2601, 2890, 2293, 2890, 1337, 2293, 2890, 2774, 2890, 3500, 2214, 2890, 1559, 1742, 2214, 2890, 2631, 2214, 2445, 3500, 2214, 2890, 3500, 2890, 1294, 3500, 2890, 2214, 3457, 2890, 3500, 1337, 2601, 1742, 1337, 2890, 1692, 2214, 2890, 1742, 1810, 2601, 1068, 2214, 2890, 2214, 1742, 2890, 2214, 2890, 1337, 2890, 2774, 2890, 1337, 2890, 3500, 1337, 2293, 2890, 2601, 1337, 2890, 2774, 2890, 2214, 3500, 2214, 2890, 2774, 3457, 2214, 2890, 2214, 3500, 4501, 1337, 3500, 1337, 3500, 2890, 52, 2890, 2601, 3500, 1338, 2214, 2890, 3500, 2774, 1294, 3801, 2890, 1337, 2774, 2890, 2774, 2890, 2601, 1559, 2214, 2890, 2631, 2214, 2890, 2214, 1337, 2890, 1337, 2890, 2214, 2890, 2631, 3801, 2890, 2293, 2890, 2631, 2890, 1337, 2890, 2293, 1337, 2601, 801, 2214, 2890, 512, 2890, 2214, 2293, 2890, 2214, 2774, 2890, 512, 2214, 2601, 2214, 3500, 2214, 2890, 2214, 4528, 2890, 1742, 3500, 2214, 2890, 4528, 2890, 319, 2890, 3500, 2890, 2293, 1692, 2890, 1337, 2601, 2890, 2601, 2890, 1559, 2214, 2890, 2214, 1692, 1559, 2890, 1337, 2601, 2890, 3500]
Ground Truth: [2619, 1066, 2547, 144, 476, 86, 2334, 74, 68, 360, 707, 1765, 0, 0, 0, 0, 0, 0, 0, 0, 0, 0, 0, 0, 0, 0, 0, 0, 0, 0, 0]
==================================================
Step 2 (train) - 5.7876
Prediction: [2293, 2890, 2214, 2890, 3500, 2214, 2890, 3500, 1692, 2601, 2890, 2214, 2890, 2445, 2890, 2214, 2890, 2601, 2890, 2774, 2214, 2601, 2890, 2601, 2890, 2214, 2890, 2774, 2890]
Ground Truth: [7, 2274, 517, 3559, 27, 43, 3731, 7, 997, 7, 997, 24, 114, 41, 3183, 137, 266, 221, 299, 7, 2237, 3590, 34, 2696, 573, 2028, 76, 1593, 843, 0, 0, 0, 0, 0, 0, 0, 0, 0, 0, 0, 0, 0, 0, 0, 0]
==================================================
Step 1 (train) - 5.1216
Prediction: [2890, 2214, 1337, 2890, 2601, 2890, 2601, 2890, 2774, 1559, 2214, 2890, 2774, 2890, 2601, 2214, 1337, 3500, 1559, 2774, 2890, 2214, 2774, 2890, 2293, 2890, 3479, 2601, 2890, 2214, 2293, 2214, 2890]
Ground Truth: [7, 2274, 517, 3559, 27, 43, 3731, 7, 997, 7, 997, 24, 114, 41, 3183, 137, 266, 221, 299, 7, 2237, 3590, 34, 2696, 573, 2028, 76, 1593, 843, 0, 0]
==================================================
Step 2 (train) - 5.6630
Prediction: [2293, 2445, 2890, 1294, 2601, 2631, 2293, 1337, 2890, 2601, 2214, 2890, 2601, 2890, 2293, 2890, 2214, 3500, 2293, 2214, 2601, 1559, 2890, 2214, 1337, 2890, 2214, 2890, 1337, 2214, 2631, 2601, 2214, 1559, 2890, 3500, 2214, 2890, 2601, 2890, 2601, 2890, 2445, 3457, 2890, 3801, 2214, 2601, 3457, 2890, 2293, 2890, 3357, 2293, 1337, 2890, 3500, 2214, 2601, 2890, 2601, 2890, 2774, 2214, 1337, 2214, 1337, 2293, 2890, 2214, 2774, 2293, 2601, 2890, 2293, 2601, 2214, 2601, 1337, 2214, 2890, 2601, 2293, 2890, 587, 2890, 1559, 3500, 2890, 2601, 2214, 1559, 4962, 3457, 2214, 2890, 1337, 3500, 2890, 2774, 1337, 2445, 3801, 2890, 3457, 2890, 2774, 2890, 2293, 3801, 2890, 2293, 2890, 2214, 4528, 2214, 2890, 2293, 3500, 2601, 2631, 2890, 1810, 2293, 1559, 2214, 989, 2890, 2601, 2890, 2631, 3500, 2470, 2601, 3500, 2890, 1294, 2890, 2601, 2293, 2214, 2890, 3500, 2214, 2601, 2890, 2731, 2214, 1068, 1742, 2214, 1559, 2601, 3500, 2890, 2601, 2890, 2445, 2890, 2293, 2890, 2151, 2214, 2890, 2293, 2890, 2293, 2601, 1337, 2890, 2293, 2601, 1074, 3500, 1337, 2774, 2890, 2601, 2890, 2601, 2890, 3500, 2890, 2601, 2890, 2601, 2631, 3500, 4528, 3801, 989, 2293, 2890, 2214, 1393, 2631, 1742, 2890, 2445, 2890, 2601, 2890, 2293, 2601, 2293, 2890, 2774, 3500, 2890, 1559, 2214, 2774, 2601, 2890, 2601, 1337, 2601, 2890, 4552, 2890, 2214, 2601, 2890, 2214, 1559, 1337, 2214, 2293, 2631, 2601, 2214, 2890, 2601, 2890, 2601, 2890, 3500, 2890, 2601, 3500, 2445, 1294, 2293, 1337, 2890, 2293, 2890, 2214, 1337, 4962, 2890, 2214, 2890, 587, 2214, 2890, 2601, 2890, 2774, 2601, 2293, 2890, 1393, 2890, 2774, 2214, 2890, 1337, 2890, 2293, 2214, 1337, 2214, 2601, 2890, 319, 2890, 1559, 2293, 2601, 2890, 3801, 2890, 1337, 587, 2601, 2214, 2890, 2774]
Ground Truth: [3492, 58, 272, 68, 85, 4175, 2222, 62, 1977, 124, 0, 0, 0, 0, 0, 0, 0, 0, 0, 0, 0, 0, 0, 0, 0, 0, 0, 0, 0, 0, 0, 0, 0, 0, 0, 0, 0, 0, 0, 0, 0, 0, 0, 0, 0]
==================================================
Step 1 (train) - 5.2652
Prediction: []
Ground Truth: [98, 468, 130, 93, 165, 455, 1249, 30, 6, 457, 2378, 1423, 1721, 34, 43, 4066, 173, 43, 460, 1703, 1593, 424, 30, 1845, 76, 481, 261, 2658, 24, 3513, 1324, 0, 0, 0, 0, 0, 0, 0, 0, 0, 0, 0, 0, 0, 0]
==================================================
Step 2 (train) - 5.9242
Prediction: [1337, 3801, 2293, 2601, 2774, 2601, 1559, 2293, 2601, 1559, 2890, 2631, 2293, 2890, 2601, 2890, 2445, 1337, 1559, 2890, 2601, 1068, 2601, 2890, 1337, 2890, 587, 2445, 2774, 2293, 1337, 2890, 2293, 2601, 2890, 2293, 2214, 2774, 2890, 3500, 2293, 587, 2293, 587, 2293, 2890, 2293, 1294, 2890, 2214, 2445, 2890, 2601, 2293, 587, 2601, 2293, 2890, 2214, 2731, 2631, 2890, 2214, 2890, 1337, 2601, 2890, 2214, 2890, 4657, 2890, 2293, 2214, 2601, 442, 2890, 2293, 2601, 2293, 2890, 1337, 2890, 2601, 2214, 2774, 1337, 2890, 2293, 2214, 2890, 2293, 2601, 2890, 2214, 2890, 2601, 2890, 2631, 2890, 2214, 2890, 2601, 1393, 3801, 2293, 2214, 2293, 2214, 1742, 2890, 2214, 2293, 2214, 2890, 1337, 2293, 2214, 2293, 1337, 2631, 989, 2890, 2293, 2890, 2601, 2890, 2293]
Ground Truth: [397, 1416, 707, 4988, 119, 7, 2090, 4230, 202, 434, 151, 361, 27, 191, 7, 985, 4925, 2327, 24, 7, 280, 52, 892, 4980, 0, 0, 0, 0, 0]
==================================================
Step 1 (train) - 5.4019
Prediction: [2293, 2890, 2601, 2445, 2601, 3801, 2774, 2601, 2293, 1337, 2601, 2890, 2293, 2631, 2293, 2774, 3801, 3457, 2214, 2601, 2890, 1742, 3801, 2601, 2214, 2293, 2601, 2890, 1068, 2293, 2601, 2214, 587, 2890, 2774, 2601, 2890, 2293, 2601, 3500, 2293, 2890, 2214, 2601, 2890, 2214, 2293, 587, 1393, 2890, 2293, 2601, 2890, 2214, 2293, 319, 2293, 2890, 2293, 1068, 2445, 2293, 2890, 2774, 703, 2774, 2293, 2774, 2214, 2774, 2631, 2293, 2151, 2214, 2293, 2631, 2890, 2631, 2293, 2890, 2293, 2601, 2293, 3357, 1337, 2445, 2601, 2890, 2774, 2631, 2890, 2293, 703, 2601, 2890, 2601, 2293, 1337, 2293, 2214, 2890, 3801, 2293, 2890, 1337, 2601, 2293, 2601, 2890, 3801, 2601, 2293, 587, 2601, 2890, 2214, 2601, 2214, 2890, 1337, 1742, 2293, 2601, 2293, 2601, 703, 2293, 2890, 2601, 2774, 2293, 587, 1559, 2631, 2890, 2293, 2890, 1742, 2601, 3457, 2890, 2214, 2890, 587, 2293, 1337, 2890, 2293, 1337, 2293, 587, 319, 2601, 2890, 2214, 2890, 1742, 2601, 4528, 2293, 2890, 2601, 2445, 2890, 2601, 1074, 1337, 2293, 2214, 2601, 3088, 2445, 3500]
Ground Truth: [397, 1416, 707, 4988, 119, 7, 2090, 4230, 202, 434, 151, 361, 27, 191, 7, 985, 4925, 2327, 24, 7, 280, 52, 892, 4980, 0, 0, 0, 0, 0, 0, 0, 0, 0, 0, 0, 0, 0, 0, 0, 0, 0, 0, 0, 0, 0]
==================================================
Step 2 (train) - 6.0132
Prediction: [2293, 3500, 2890, 2293, 2890, 2601, 2890, 2445, 2601, 1742, 2293, 2890, 2214, 2774, 2601, 2214, 2890, 2293, 319, 2890, 2214, 2890, 2293, 2214, 2293, 2214, 1559, 2631, 2214, 2890, 2214, 2293, 2890, 2601, 2890, 989, 2293, 3357, 2890, 2293, 2214, 2601, 2214, 3500, 2214, 2890, 2774, 2601, 2293, 2890, 2293, 2890, 4528, 2890, 2293, 3088, 2293, 1559, 2890, 2293, 3457, 703, 2601, 2474, 2601, 2293, 2214, 1559, 2890, 2631, 2214, 1559, 2890, 2601, 2293, 2631, 2293, 1742, 2293, 2601, 2293, 2890, 587, 2601, 2214, 2601, 512, 2293, 2601, 2890, 2601, 2890, 2151, 703, 2631, 2214, 2293, 2890, 1337, 2890, 2601, 2214, 2601, 2890, 2601, 2214, 2890, 2601, 2890, 989, 2890, 2293, 2601, 2293, 1068, 2890, 2293, 2890, 2293, 2214, 2601, 2890, 587, 2601, 1784, 2890, 2293, 2890, 587, 4583, 2293, 4962, 3500, 1068, 2293, 2601, 2890, 1068, 703, 2293, 2601, 319, 2293, 2601, 2214, 2601, 2890, 2293, 587, 2601, 2214, 2774, 4583, 2601, 2890, 2293, 2890, 2631, 587, 2601, 2293, 2890, 2214, 1337, 2774, 3801, 587, 218, 2293, 2601, 2214, 2293, 2601, 1337, 2447, 2890, 2601, 2293, 2890, 2293, 2214, 2601, 2214, 2890, 2774, 2890, 2293, 703, 2293, 2890, 2774, 2890, 2293, 2214, 2293, 2214, 2601, 2890, 2293, 2601, 2214, 2601, 2890, 2774, 2293, 2890, 2774, 2293, 3801, 2214, 1337, 2293, 1294, 587, 2890, 2293, 2631, 2774, 2890, 2293, 2890, 2293, 2601, 2890, 2293, 3306, 2890, 587, 2890, 2293, 2890, 2293, 2890, 218, 703, 2890, 2293, 2890, 2214, 4103, 2890, 2214, 3357, 3500, 2293, 1559, 2601, 1294, 2214, 2890, 2293, 2890, 2293, 2890, 2293, 2890, 2293, 2601, 2214, 2601, 2293, 2890, 2293, 2631, 1742, 2293, 2601, 2214, 2774, 2601, 2214, 2890, 2601, 703, 2214, 703, 2293, 2601, 2774, 2293, 2601, 2890, 2293, 2890, 2293, 2214, 2890, 1068, 1337, 2293, 1337, 2774, 2601, 1359, 802, 2601, 2631, 2293, 587, 3500, 2293, 2601, 2293, 2890, 2601, 3457, 2293, 587, 2890, 1337, 2293, 3801, 2293, 2601, 1742, 2890, 2293, 2774, 2293, 2890, 2214, 2890, 703, 2293, 2890, 2601, 2890, 2293, 587, 2890, 1337, 2214, 2631, 3500, 2601, 2890, 2601, 2293, 703, 2631, 2293]
Ground Truth: [2487, 4977, 15, 2372, 226, 241, 360, 37, 250, 674, 0, 0, 0, 0, 0, 0, 0, 0, 0, 0, 0, 0, 0, 0, 0, 0, 0, 0, 0, 0, 0]
==================================================
Step 1 (train) - 5.4186
Prediction: [2293, 2631, 2890, 2293, 2890, 2214]
Ground Truth: [43, 759, 23, 191, 202, 46, 80, 617, 76, 2298, 475, 4905, 27, 546, 4982, 2741, 27, 280, 4985, 803, 3279, 21, 2390, 27, 2182, 2450, 1800, 4420, 30, 46, 1064, 350, 239, 37, 2574, 367, 132, 285, 330, 225, 22, 856, 733, 134, 4899]
==================================================
Step 2 (train) - 6.2395
Prediction: []
Ground Truth: [7, 127, 4976, 197, 37, 155, 85, 251, 4983, 225, 163, 608, 4985, 596, 1001, 70, 6, 1854, 4817, 1271, 24, 481, 0, 0]
==================================================
Step 1 (train) - 5.7841
Prediction: [2214, 2293, 2601, 2293, 512, 2214, 2293, 1068, 2774, 2293, 587, 2293, 2890, 2293, 2601, 2293, 3801, 1068, 3457, 2293, 2890, 2601, 2890, 2293, 2631, 2293, 2774, 3457, 2601, 3250, 2601, 587, 2293, 2601, 2890, 2293, 2890, 2293, 2890, 2293, 1784, 2890, 2601, 2890, 703, 2890, 2293, 2774, 319, 2293, 2601, 2890, 3250, 3457, 2601, 2774, 587, 2890, 3457, 2890, 2601, 2293, 2890, 2293, 703, 2293, 3801, 2601, 2293, 1141, 2293, 2890, 2601, 1337, 2890, 2293, 2601, 3801, 587, 2293, 587, 2214, 2890, 2601, 2890, 2293, 3306, 2890, 2601, 2214, 2890, 587, 1337, 587, 2293, 2890, 2293, 2601, 1068, 1784, 2293, 2774, 703, 587, 2601, 4583, 2601, 2151, 2774, 2214, 2293, 2601, 2293, 2601, 2293, 2214, 2293, 2890, 2774, 1508, 2214, 2890, 4962, 2774, 2293, 2151, 2293, 2890, 2601, 1068, 2890, 2293, 2601, 3801, 2293, 2601, 2214, 587, 2293, 1141, 2890, 587, 2890, 512, 2890, 2293, 2890, 2214, 2601, 2293, 2214, 2890, 2293, 2890, 2293, 2601, 3250, 2293, 3801, 2601, 2293, 1337, 2293, 703, 2890, 2774, 2601, 2214, 2293]
Ground Truth: [7, 127, 4976, 197, 37, 155, 85, 251, 4983, 225, 163, 608, 4985, 596, 1001, 70, 6, 1854, 4817, 1271, 24, 481, 0, 0, 0, 0, 0, 0, 0, 0]
==================================================
Step 2 (train) - 5.7513
Prediction: []
Ground Truth: [98, 468, 130, 93, 165, 455, 1249, 30, 6, 457, 2378, 1423, 1721, 34, 43, 4066, 173, 43, 460, 1703, 1593, 424, 30, 1845, 76, 481, 261, 2658, 24, 3513, 1324, 0, 0, 0, 0, 0, 0, 0, 0, 0, 0, 0, 0, 0, 0]
==================================================
Step 1 (train) - 5.6745
Prediction: [2890, 2293, 2774, 4528, 2890, 982, 1647, 703, 2293, 2601, 2293, 1784, 2601, 2890, 2293, 2601, 2774, 2601, 703, 2293, 2890, 2293, 2774, 2890, 2293, 2890, 2774, 3801, 1784, 2293, 1294, 2293, 703, 1068, 4962, 2890, 2293, 2774]
Ground Truth: [7, 2274, 517, 3559, 27, 43, 3731, 7, 997, 7, 997, 24, 114, 41, 3183, 137, 266, 221, 299, 7, 2237, 3590, 34, 2696, 573, 2028, 76, 1593, 843, 0, 0, 0, 0, 0, 0, 0, 0, 0, 0, 0, 0, 0, 0, 0, 0]
==================================================
Step 2 (train) - 5.3790
Prediction: []
Ground Truth: [98, 468, 130, 93, 165, 455, 1249, 30, 6, 457, 2378, 1423, 1721, 34, 43, 4066, 173, 43, 460, 1703, 1593, 424, 30, 1845, 76, 481, 261, 2658, 24, 3513, 1324]
==================================================
Step 1 (train) - 5.1281
Prediction: []
Ground Truth: [7, 32, 713, 434, 1113, 244, 4520, 299, 7, 29, 308, 435, 25, 600, 1830, 157, 919, 30, 2002, 712, 1001, 1338, 27, 30, 3039, 3511, 256, 3292, 1481, 3384]
==================================================
Step 2 (train) - 5.6867
Prediction: [2774, 2293, 2774, 2601, 2293, 2447, 2293, 703, 2731, 2293, 1508, 2601, 2890, 2293, 2601, 2293, 2601, 703, 2631, 2293, 2601, 2293, 3357, 4583, 1337, 3457, 2151, 2293, 2774, 2293, 2774, 2601, 2293, 4103, 2293, 1784, 2890, 2293, 703, 2601, 2293, 703, 2293, 703, 2293, 2601, 2890, 1559, 2601, 2890, 2293, 703, 2293, 2601, 2774, 3457, 2293, 2601, 2214, 2601, 2774, 2601, 587, 2293, 2601, 2293, 2601, 2890, 2293, 2601, 2214, 1559, 2293, 2601, 2774, 442, 2293, 2601, 2293, 2601, 2774, 2293, 703, 2293, 3457, 2601, 2774, 2890, 2774, 2293, 3494, 2601, 2293, 2214, 2293, 2601, 2293, 3088, 512, 2774, 2293, 703, 2293, 2601, 2236, 2214, 2890, 319, 2601, 2293, 587, 2293, 4962, 2293, 2601, 2774, 2183, 2293, 1393, 2293, 4251, 2293, 2774, 2293, 1294, 989, 2293, 2601, 703, 2293, 2890, 2293, 2601, 703, 2601, 2774, 703, 2293, 2774, 1784, 2293, 2601, 2774, 2293, 2601, 2293, 2774]
Ground Truth: [7, 127, 4976, 197, 37, 155, 85, 251, 4983, 225, 163, 608, 4985, 596, 1001, 70, 6, 1854, 4817, 1271, 24, 481, 0, 0, 0, 0, 0, 0, 0, 0, 0, 0, 0, 0, 0, 0, 0, 0, 0, 0, 0, 0, 0, 0, 0]
==================================================
Step 1 (train) - 5.3744
Prediction: [2890, 2293, 2601, 703, 1393, 2601, 2293, 703, 2214, 2774, 1074, 703, 2293, 1784, 2601, 2293, 2601, 1068, 2890, 2293, 2774, 2890, 2774, 2293, 2890, 1068, 2774, 1508, 2293, 2601, 2293, 2601, 3457, 2601, 2774, 442, 2601, 2293, 2601]
Ground Truth: [7, 2274, 517, 3559, 27, 43, 3731, 7, 997, 7, 997, 24, 114, 41, 3183, 137, 266, 221, 299, 7, 2237, 3590, 34, 2696, 573, 2028, 76, 1593, 843, 0, 0, 0, 0, 0, 0, 0, 0, 0, 0, 0, 0, 0, 0, 0, 0]
==================================================
Step 2 (train) - 5.5416
Prediction: [2293, 2151, 2293, 1068, 2293, 703, 2293, 2774, 2293, 3494, 1784, 2293, 1784, 2890, 2293, 2890, 2774, 2601, 2774, 703, 2293, 2774, 2293, 2601, 3088, 1784, 2601, 2293, 2774, 2293, 2774, 2601, 2774, 2293, 3801, 587, 989, 2293, 1337, 2293, 1068, 2293, 2601, 2293, 2774, 2293, 1647, 2293, 703, 2293, 2774, 2601, 703, 2293, 2601, 2293, 2183, 2601, 2774, 2293, 3088, 2293, 2601, 2293, 989, 3306, 703, 2293, 2601, 2293, 2774, 703, 2293, 3088, 319, 703, 2293, 2601, 2890, 2293, 2774, 2293, 319, 2601, 703, 2774, 2293, 3801, 2601, 2774, 319, 2293, 4962, 2151, 2293, 2601, 2293, 2774, 2293, 2774, 2601, 2774, 1359, 2293, 1337, 703, 2890, 2293, 2631, 2293, 703, 2601, 4962, 2601, 2774, 703, 2293, 319, 2293, 2774, 2601, 2293, 2601, 2293, 2774, 4583, 703, 2293, 2601, 2293, 2601, 2293, 2601, 2293, 3457, 1784, 2293, 4583, 2293, 2214, 2293, 1068, 2293, 703, 2293, 2214, 2293, 2890, 989, 703, 2890, 2601, 2774, 2601, 2774, 319, 2774, 2601, 2293, 2601, 2293, 1508, 2293, 3250, 2293, 2890, 587, 3457, 2293, 2774, 2293, 1141, 2890, 2774, 2293, 2774, 2293, 2890, 2774, 2293, 1784, 2293, 2601, 2293, 2601, 2293, 319, 2601, 2293, 2214, 2601, 2293, 2774, 989, 703, 2293, 2601, 3250, 2293, 2774, 2293, 703, 2293, 2214, 2151, 703, 2774, 2293, 587, 2890, 2293, 2601, 4583, 2293, 2890, 2774, 2293, 2890, 2293, 989, 2774, 2293, 703, 2601, 2293, 2601, 2293, 2151, 2293, 3250, 703, 2293, 1068, 2293, 2601, 2293, 2601, 2293, 703]
Ground Truth: [3492, 58, 272, 68, 85, 4175, 2222, 62, 1977, 124, 0, 0, 0, 0, 0, 0, 0, 0, 0, 0, 0, 0, 0, 0, 0, 0, 0, 0, 0, 0]
==================================================
Step 1 (train) - 5.7670
Prediction: [2601, 319, 2774, 703, 2601, 2293, 2601, 2293, 703, 2601, 1068, 2293, 4528, 2601, 2293, 2774, 2293, 703, 2293, 2151, 2293, 4962, 2293, 2774, 2293, 1068, 2601, 2293, 3088, 2293, 2601, 2293, 1784, 2293, 2438, 2293, 2601, 2293, 2601, 2293, 2774, 2601, 703, 2774, 2601, 2293, 703, 2601, 3088, 2293, 2774, 2890, 2293, 2774, 2293, 3095, 2293, 703, 2293, 1559, 703, 2774, 2601, 3250, 2293, 319, 2601, 2293, 1068, 2293, 1337, 2293, 2601, 2293, 703, 2293, 2601, 4103, 2890, 2293, 587, 2774, 2293, 2890, 703, 2293, 3527, 2293, 3801, 2774, 2601, 2293, 1068, 989, 2293, 703, 2293, 1337, 703, 2293, 2151, 2293, 2890, 703, 2293, 703, 2601, 2293, 2601, 2774, 2293, 989, 2293, 2151, 2774, 3457, 2151, 2293, 587, 2293, 2601, 2293, 703, 2293, 2601, 1270, 2293, 3088, 2293, 703, 2438, 2774, 1647, 2601, 2293, 2601, 2293, 703, 2293, 2601, 2293, 4962, 2293, 3457, 2293, 2774, 2214, 2293, 1270, 1337, 2293, 2774, 2293, 1784, 2293, 703, 2293, 2601, 703, 2890, 2774, 2183, 1566, 2293, 2774, 2293, 2601, 2774, 2293, 2774, 2293, 2601, 2293, 2890, 2293, 319, 989, 2293, 703, 2293, 703, 2293, 2214, 2293, 2601, 2774, 2601, 2293, 3048, 2293, 2601, 2293, 2601, 2293, 1068, 2601, 2293, 587, 2293, 2774, 2293, 2151, 2601, 2293, 1270, 3095, 2601, 2293, 2601, 319, 2293, 2601, 2293, 2601, 3457, 2601, 2293, 2601, 2293, 2774, 2293, 2445, 2293, 2468, 2293, 587, 2293, 2601, 2293, 1068, 2293, 319, 4583, 703, 2601, 2293, 703, 2293, 2601, 2293, 3088, 2293, 4103, 2774, 2293, 1068, 2293, 2601, 703, 2293, 703, 2774, 2890, 1784, 2293, 2774, 2293, 2601, 703, 2293, 4583, 2293, 2774, 2601, 2890, 2293, 1068, 2601, 2438, 2774, 2293, 2774, 3494, 3801, 2293, 2774, 2293, 4589, 2293, 1784, 2601, 2293, 703, 2601, 2293, 2601]
Ground Truth: [2487, 4977, 15, 2372, 226, 241, 360, 37, 250, 674, 0, 0, 0, 0, 0, 0, 0, 0, 0, 0, 0, 0, 0, 0, 0, 0, 0, 0, 0, 0, 0]
==================================================
Step 2 (train) - 5.4321
Prediction: [2774, 2601, 2293, 319, 2293, 2601, 2293, 2890, 3088, 2774, 2293, 3494, 2293, 4583, 2293, 1068, 2774, 1068, 2293, 1337, 2601, 703, 2890]
Ground Truth: [7, 2274, 517, 3559, 27, 43, 3731, 7, 997, 7, 997, 24, 114, 41, 3183, 137, 266, 221, 299, 7, 2237, 3590, 34, 2696, 573, 2028, 76, 1593, 843, 0, 0, 0, 0, 0, 0, 0, 0, 0, 0, 0, 0, 0, 0, 0, 0]
==================================================
Step 1 (train) - 4.9812
Prediction: [2151, 1068, 2293, 4962, 2293, 2601, 2293, 2601, 2293, 2601, 703, 2293, 319, 2601, 2293, 2601, 2293, 2601, 2293, 2601, 1784, 2293, 4583, 2293, 587, 2601, 2293, 2601, 703, 2601, 2293, 2774, 2293, 2774, 2601, 3088, 2293, 703, 2601, 1784, 2293, 4962, 2293, 703, 2774, 2293, 1784, 2293, 703, 2601, 3095, 2293, 2774, 2293, 2774, 2293, 2601, 2293, 703, 2183, 2601, 2293, 2601, 2293, 2774, 2293, 1559, 2293, 1784, 3494, 2601, 3088, 2293, 2774, 2731, 2293, 703, 2601, 2293, 1508, 2774, 2293, 3457, 2293, 2774, 2293, 2774, 2293, 2774, 2293, 2445, 2293, 319, 2601, 703, 2293, 2774, 2601, 2293, 703, 2293, 2183, 2293, 2774, 2293, 2890, 2293, 2774, 2293, 2774, 2293, 2601, 2293, 2774, 4103, 2601, 703, 2293, 2183, 2293, 2890, 2293, 2774, 2293, 703, 2293, 2774, 703, 2293, 319, 2293, 2601, 1068, 2293, 2601, 2293, 2774, 3457, 2293, 2774, 2293, 2601, 2774, 2293, 2601, 2293, 2774, 2293, 1559, 2774, 3527, 2293, 587, 2293, 2601, 2293, 3527, 2774, 703, 2774, 1337, 2601, 2293, 587, 2601, 2438, 2293, 2774, 2293, 2601, 2293, 2890, 2293, 319, 2293, 1068, 1784, 703, 2774, 2293, 2601, 2293, 703, 2601, 4214, 2774, 2293, 2601, 2293, 2774, 2293, 3457, 3088, 3095, 2293, 2151, 2293, 2601, 2293, 703, 2774, 2293, 2601, 2774, 2601, 703, 2774, 2293, 2601, 2293]
Ground Truth: [6, 1854, 3954, 72, 3817, 64, 2463, 37, 85, 1502, 0, 0, 0, 0, 0, 0, 0, 0, 0, 0, 0, 0, 0, 0, 0, 0, 0, 0, 0, 0, 0]
==================================================
Step 2 (train) - 5.7216
Prediction: [2293, 2774, 2293, 2601, 2293, 4962, 2293, 989, 2293, 2601, 703, 2293, 703, 2293, 3250, 2293, 587, 703, 2293, 319, 2293, 2774, 2293, 703, 2293, 1508, 2293, 319, 2774, 2293, 2601, 2293, 3494, 2293, 703, 2293, 2890, 2774, 3527, 2293, 703, 2293, 2438, 2774, 2293, 587, 2293, 2601, 2293, 2601, 2293, 1559, 2774, 2601, 2774, 2601, 2774, 2293, 703, 2774, 2293, 2601, 2293, 1068, 2293, 2774, 2293, 703, 4583, 2183, 2293, 3088, 2293, 703, 2774, 3048, 2293, 2183, 2293, 2774, 2910, 2774, 2293, 703, 2293, 2774, 2293, 703, 2293, 2601, 2293, 2601, 2293, 319, 989, 2601, 2293, 2601, 2293, 2601, 2293, 703, 2293, 2601, 2293, 3250, 2293, 2774, 2293, 2601, 2293, 1337, 2293, 2601, 3088, 2601, 989, 2293, 2774, 2293, 703, 2601, 2293, 3088, 2293, 2774, 2293, 2601, 2293, 4583, 2774, 2293, 2774, 3095, 2293, 703, 989, 2293, 2601, 2293, 2183, 2293, 2774, 2293, 1068, 2293, 703, 2293, 703, 2601, 2293, 1068, 2293, 2774, 2293, 2601, 2293, 4583, 2293, 319, 2293, 2774, 2601, 587, 2601, 2293, 2774, 2601, 2293, 2601, 2774, 2293, 2601, 2774, 2293, 703, 2293, 703, 1068, 2183, 703, 2601, 2293, 2183, 1784, 2293, 703, 2293, 1270, 2293, 2774, 2293, 2601, 2293, 4103, 2293, 2774, 2293, 4583, 2293, 1074, 3088, 2293, 2214, 2774, 703, 2890, 319, 3801, 2293, 703, 2601, 2293, 2601, 2774, 2293, 1784, 2601, 1068, 2774, 2890, 2293, 2601, 2293, 2774, 2293, 703, 2183, 2293, 3088, 2601, 2183, 703, 2293, 2601, 2293, 703, 2293]
Ground Truth: [3492, 58, 272, 68, 85, 4175, 2222, 62, 1977, 124, 0, 0, 0, 0, 0, 0, 0, 0, 0, 0, 0, 0, 0, 0, 0, 0, 0, 0, 0, 0, 0, 0, 0, 0, 0, 0, 0, 0, 0, 0, 0, 0, 0, 0, 0]
==================================================
Step 1 (train) - 5.1569
Prediction: [2601, 2293, 1068, 2293, 2774, 2601, 2293, 2601, 2774, 2293, 3527, 3095, 2601, 2293, 3494, 4251, 1647, 319, 2293, 2601, 2774, 2293, 3527, 703, 2293, 3088, 703, 989, 2774, 2601, 2293, 2890, 2293, 4103, 2293, 703, 2293, 2601, 2774, 1294, 2774, 2293, 2774, 2293, 2774, 2438, 2293, 2774, 2293, 624, 1068, 2293, 2601, 2293, 703, 2293, 703, 2601, 2293, 2774, 2601, 703, 2293, 989, 2293, 2774, 2293, 3570, 2293, 2601, 2293, 2774, 2293, 3527, 2293, 2601, 2214, 2293, 2601, 703, 3250, 2293, 703, 2293, 2601, 3250, 2293, 2601, 2293, 703, 2293, 2601, 2293, 2774, 2293, 1647, 2293, 2774, 2293, 3088, 2293, 2601, 2293, 2601, 3095, 2293, 2774, 2293, 2774, 3306, 2293, 703, 2774, 2293, 2774, 2601, 2293, 703, 2293, 2774, 2293, 703, 2293, 587, 2774, 2293, 703, 2293, 1294, 2293, 4962, 2774, 703, 2293, 2601, 2293, 2601, 2293, 703, 2601, 2774, 2293, 3527, 703, 587, 703, 2293, 703, 2293, 1559, 2293]
Ground Truth: [2619, 1066, 2547, 144, 476, 86, 2334, 74, 68, 360, 707, 1765, 0, 0, 0, 0, 0, 0, 0, 0, 0, 0, 0, 0, 0, 0, 0, 0, 0]
==================================================
Step 2 (train) - 5.7674
Prediction: [2293, 3527, 2293, 3025, 2293, 703, 2293, 2601, 2293, 2774, 989, 1784, 2293, 319, 2601, 703, 2293, 1784, 1068, 2293, 4583, 587, 2293, 2183, 2774, 2601, 2293, 2601, 2293, 2601, 2293, 2774, 1068, 2293, 1227, 703, 2293, 1068, 2293, 2774, 2293, 319, 2293, 2601, 1068, 3088, 2293, 703, 2293, 4251, 2293, 703, 2293, 4583, 2293, 2601, 2774, 2293, 2601, 703, 2774, 2293, 587, 2601, 2293, 2601, 2293, 2774, 2890, 2293, 2601, 2293, 587, 1393, 2293, 2774, 1784, 2293, 3250, 2293, 2601, 2293, 2601, 2293, 3494, 2293, 319, 2601, 3088, 2601, 2774, 2601, 2293, 2601, 2293, 703, 1141, 2601, 1068, 2293, 2774, 4583, 1068, 2293, 442, 2293, 587, 2293, 2601, 2293, 4583, 1647, 703, 3527, 703, 2601, 3088, 2293, 587, 2293, 2601, 2774, 2293, 1784, 4583, 3527, 703, 2774, 2293, 4139, 2293, 4583, 2293, 703, 2601, 3095, 2774, 2601, 2293, 2774, 2293, 2774, 2293, 3250, 2774, 2293, 703, 2293, 1784, 2293, 2601, 2293, 2601, 2293, 703, 2438, 989, 2774, 2293, 703, 2293, 703, 2601, 2293, 2774, 2293, 703, 2601, 2774, 2293, 703, 2293, 2151, 2293, 2774, 703, 2774, 703, 2293, 2890, 2293, 703, 2293, 2774, 2293, 2183, 2293, 2774, 703, 2293, 587, 2293, 3457, 3250, 2774, 1068, 2601, 2293, 319, 703, 2774, 2293, 2774, 2293, 2731, 2293, 3527, 2293, 3494, 319, 703, 2293, 2890, 3457, 2447, 2293, 1463, 2293, 2774, 2293, 2774, 4583, 2774, 2601, 2293, 703, 982, 2293, 2601, 989, 2774, 2293, 2774, 2293, 4583, 2293, 2447, 2293, 587, 703, 2293, 2601, 587, 2293, 2774, 2293, 2774, 2293, 703, 2293, 2601, 1393, 2293]
Ground Truth: [2487, 4977, 15, 2372, 226, 241, 360, 37, 250, 674, 0, 0, 0, 0, 0, 0, 0, 0, 0, 0, 0, 0, 0, 0, 0, 0, 0, 0, 0, 0, 0, 0, 0, 0, 0, 0, 0, 0, 0, 0, 0, 0, 0, 0, 0]
==================================================
Step 1 (train) - 5.0780
Prediction: [2293, 2601, 1784, 703, 2293, 703, 2293, 2774, 2293, 3527, 2293, 703, 2293, 1068, 2293, 2774, 2293, 2774, 2601, 2293, 2601, 2293, 2601, 2293, 2774, 703, 2293, 703, 2293, 3088, 2183, 2293, 703, 2774, 703, 2293, 703, 2293, 3088, 3527, 2293, 703, 2293, 2774, 2293, 2774, 2293, 703, 2601, 2293, 2774, 2293, 1068, 2293, 331, 2601, 1068, 2293, 703, 2293, 2774, 3527, 703, 2774, 2293, 2601, 2293, 2774, 1784, 3527, 2293, 2601, 2293, 2774, 2293, 4103, 2774, 3527, 1337, 2293, 3095, 2293, 2601, 2774, 2293, 3088, 2293, 1068, 2293, 1337, 703, 2293, 703, 2293, 4583, 703, 2293, 2601, 2293, 2438, 2293, 2438, 2774, 703, 2293, 3494, 2601, 2293, 2183, 3088, 2293, 2774, 2601, 3494, 2293, 703, 587, 3095, 2293, 2774, 2293, 2601, 703, 2293, 2774, 2890, 2293, 703, 2774, 1068, 2293, 2601, 2293, 1270, 2293, 3457, 703, 2601, 2293, 1133, 1337, 2438, 703, 2774, 2293, 2774, 2293, 2601, 703, 2293, 2601, 2293, 2351, 2293, 3250, 2774, 2910, 2293, 3088, 2293, 2774, 2293, 703, 2601]
Ground Truth: [2619, 1066, 2547, 144, 476, 86, 2334, 74, 68, 360, 707, 1765, 0, 0, 0, 0, 0, 0, 0, 0, 0, 0, 0, 0, 0, 0, 0, 0, 0, 0, 0, 0, 0, 0, 0, 0, 0, 0, 0, 0, 0, 0, 0, 0, 0]
==================================================
Step 2 (train) - 5.4822
Prediction: [1270, 2293, 2601, 2293, 2601, 2774, 2293, 989, 2293, 2601, 703, 2293, 1784, 2293, 2774, 2293, 2774, 587, 2293, 2774, 2293, 3250, 2293, 2774, 2293, 1133, 2601, 1784, 2774, 2293, 703, 2293]
Ground Truth: [7, 2274, 517, 3559, 27, 43, 3731, 7, 997, 7, 997, 24, 114, 41, 3183, 137, 266, 221, 299, 7, 2237, 3590, 34, 2696, 573, 2028, 76, 1593, 843, 0, 0]
==================================================
